Component: ARM Compiler 5.06 update 5 (build 528) Tool: armlink [4d35e2]

==============================================================================

Section Cross References

    system_stm32f4xx.o(i.SystemCoreClockUpdate) refers to system_stm32f4xx.o(.data) for .data
    system_stm32f4xx.o(i.SystemCoreClockUpdate) refers to system_stm32f4xx.o(.constdata) for .constdata
    main.o(i.HAL_TIM_PeriodElapsedCallback) refers to stm32f4xx_hal.o(i.HAL_IncTick) for HAL_IncTick
    main.o(i.SystemClock_Config) refers to stm32f4xx_hal_rcc.o(i.HAL_RCC_OscConfig) for HAL_RCC_OscConfig
    main.o(i.SystemClock_Config) refers to stm32f4xx_hal_rcc.o(i.HAL_RCC_ClockConfig) for HAL_RCC_ClockConfig
    main.o(i.SystemClock_Config) refers to stm32f4xx_hal_rcc.o(i.HAL_RCC_GetHCLKFreq) for HAL_RCC_GetHCLKFreq
    main.o(i.SystemClock_Config) refers to stm32f4xx_hal_cortex.o(i.HAL_SYSTICK_Config) for HAL_SYSTICK_Config
    main.o(i.SystemClock_Config) refers to stm32f4xx_hal_cortex.o(i.HAL_SYSTICK_CLKSourceConfig) for HAL_SYSTICK_CLKSourceConfig
    main.o(i.SystemClock_Config) refers to stm32f4xx_hal_cortex.o(i.HAL_NVIC_SetPriority) for HAL_NVIC_SetPriority
    main.o(i.main) refers to stm32f4xx_hal.o(i.HAL_Init) for HAL_Init
    main.o(i.main) refers to main.o(i.SystemClock_Config) for SystemClock_Config
    main.o(i.main) refers to gpio.o(i.MX_GPIO_Init) for MX_GPIO_Init
    main.o(i.main) refers to dma.o(i.MX_DMA_Init) for MX_DMA_Init
    main.o(i.main) refers to tim.o(i.MX_TIM2_Init) for MX_TIM2_Init
    main.o(i.main) refers to usart.o(i.MX_USART1_UART_Init) for MX_USART1_UART_Init
    main.o(i.main) refers to adc.o(i.MX_ADC1_Init) for MX_ADC1_Init
    main.o(i.main) refers to tim.o(i.MX_TIM3_Init) for MX_TIM3_Init
    main.o(i.main) refers to tim.o(i.MX_TIM4_Init) for MX_TIM4_Init
    main.o(i.main) refers to tim.o(i.MX_TIM1_Init) for MX_TIM1_Init
    main.o(i.main) refers to stm32f4xx_hal_gpio.o(i.HAL_GPIO_WritePin) for HAL_GPIO_WritePin
    main.o(i.main) refers to bsp_uart.o(i.bluetooth_init) for bluetooth_init
    main.o(i.main) refers to stm32f4xx_hal_tim.o(i.HAL_TIM_PWM_Start) for HAL_TIM_PWM_Start
    main.o(i.main) refers to freertos.o(i.MX_FREERTOS_Init) for MX_FREERTOS_Init
    main.o(i.main) refers to cmsis_os.o(i.osKernelStart) for osKernelStart
    main.o(i.main) refers to stm32f4xx_hal.o(i.HAL_Delay) for HAL_Delay
    main.o(i.main) refers to tim.o(.bss) for htim1
    main.o(i.main) refers to main.o(.data) for .data
    stm32f4xx_it.o(i.DMA2_Stream2_IRQHandler) refers to stm32f4xx_hal_dma.o(i.HAL_DMA_IRQHandler) for HAL_DMA_IRQHandler
    stm32f4xx_it.o(i.DMA2_Stream2_IRQHandler) refers to usart.o(.bss) for hdma_usart1_rx
    stm32f4xx_it.o(i.DMA2_Stream7_IRQHandler) refers to stm32f4xx_hal_dma.o(i.HAL_DMA_IRQHandler) for HAL_DMA_IRQHandler
    stm32f4xx_it.o(i.DMA2_Stream7_IRQHandler) refers to usart.o(.bss) for hdma_usart1_tx
    stm32f4xx_it.o(i.SysTick_Handler) refers to cmsis_os.o(i.osSystickHandler) for osSystickHandler
    stm32f4xx_it.o(i.TIM2_IRQHandler) refers to stm32f4xx_hal_tim.o(i.HAL_TIM_IRQHandler) for HAL_TIM_IRQHandler
    stm32f4xx_it.o(i.TIM2_IRQHandler) refers to tim.o(.bss) for htim2
    stm32f4xx_it.o(i.TIM3_IRQHandler) refers to stm32f4xx_hal_tim.o(i.HAL_TIM_IRQHandler) for HAL_TIM_IRQHandler
    stm32f4xx_it.o(i.TIM3_IRQHandler) refers to tim.o(.bss) for htim3
    stm32f4xx_it.o(i.TIM4_IRQHandler) refers to stm32f4xx_hal_tim.o(i.HAL_TIM_IRQHandler) for HAL_TIM_IRQHandler
    stm32f4xx_it.o(i.TIM4_IRQHandler) refers to tim.o(.bss) for htim4
    stm32f4xx_it.o(i.TIM6_DAC_IRQHandler) refers to stm32f4xx_hal_tim.o(i.HAL_TIM_IRQHandler) for HAL_TIM_IRQHandler
    stm32f4xx_it.o(i.TIM6_DAC_IRQHandler) refers to stm32f4xx_hal_timebase_tim.o(.bss) for htim6
    stm32f4xx_it.o(i.USART1_IRQHandler) refers to bsp_uart.o(i.MyUsartReceive_IDLE_Handler) for MyUsartReceive_IDLE_Handler
    stm32f4xx_it.o(i.USART1_IRQHandler) refers to stm32f4xx_hal_uart.o(i.HAL_UART_IRQHandler) for HAL_UART_IRQHandler
    stm32f4xx_it.o(i.USART1_IRQHandler) refers to usart.o(.bss) for huart1
    stm32f4xx_hal_msp.o(i.HAL_MspInit) refers to stm32f4xx_hal_cortex.o(i.HAL_NVIC_SetPriorityGrouping) for HAL_NVIC_SetPriorityGrouping
    stm32f4xx_hal_msp.o(i.HAL_MspInit) refers to stm32f4xx_hal_cortex.o(i.HAL_NVIC_SetPriority) for HAL_NVIC_SetPriority
    gpio.o(i.MX_GPIO_Init) refers to stm32f4xx_hal_gpio.o(i.HAL_GPIO_WritePin) for HAL_GPIO_WritePin
    gpio.o(i.MX_GPIO_Init) refers to stm32f4xx_hal_gpio.o(i.HAL_GPIO_Init) for HAL_GPIO_Init
    freertos.o(i.MX_FREERTOS_Init) refers to rt_memcpy_w.o(.text) for __aeabi_memcpy4
    freertos.o(i.MX_FREERTOS_Init) refers to cmsis_os.o(i.osThreadCreate) for osThreadCreate
    freertos.o(i.MX_FREERTOS_Init) refers to freertos.o(.constdata) for .constdata
    freertos.o(i.MX_FREERTOS_Init) refers to freertos.o(.data) for .data
    freertos.o(i.StartDefaultTask) refers to cmsis_os.o(i.osDelay) for osDelay
[...]
    _terminate_alloc                          - Undefined Weak Reference
    _terminate_user_alloc                     - Undefined Weak Reference
    _terminateio                              - Undefined Weak Reference
    __Vectors_Size                           0x00000188   Number         0  startup_stm32f407xx.o ABSOLUTE
    __Vectors                                0x08000000   Data           4  startup_stm32f407xx.o(RESET)
    __Vectors_End                            0x08000188   Data           0  startup_stm32f407xx.o(RESET)
    __main                                   0x08000189   Thumb Code     8  __main.o(!!!main)
    __scatterload                            0x08000191   Thumb Code     0  __scatter.o(!!!scatter)
    __scatterload_rt2                        0x08000191   Thumb Code    44  __scatter.o(!!!scatter)
    __scatterload_rt2_thumb_only             0x08000191   Thumb Code     0  __scatter.o(!!!scatter)
    __scatterload_null                       0x0800019f   Thumb Code     0  __scatter.o(!!!scatter)
    __scatterload_copy                       0x080001c5   Thumb Code    26  __scatter_copy.o(!!handler_copy)
    __scatterload_zeroinit                   0x080001e1   Thumb Code    28  __scatter_zi.o(!!handler_zi)
    _printf_f                                0x080001fd   Thumb Code     0  _printf_f.o(.ARM.Collect$$_printf_percent$$00000003)
    _printf_percent                          0x080001fd   Thumb Code     0  _printf_percent.o(.ARM.Collect$$_printf_percent$$00000000)
    _printf_percent_end                      0x08000203   Thumb Code     0  _printf_percent_end.o(.ARM.Collect$$_printf_percent$$00000017)
    __rt_lib_init                            0x08000207   Thumb Code     0  libinit.o(.ARM.Collect$$libinit$$00000000)
    __rt_lib_init_fp_1                       0x08000209   Thumb Code     0  libinit2.o(.ARM.Collect$$libinit$$00000001)
    __rt_lib_init_heap_1                     0x0800020d   Thumb Code     0  libinit2.o(.ARM.Collect$$libinit$$0000000A)
    __rt_lib_init_lc_common                  0x0800020d   Thumb Code     0  libinit2.o(.ARM.Collect$$libinit$$0000000F)
    __rt_lib_init_preinit_1                  0x0800020d   Thumb Code     0  libinit2.o(.ARM.Collect$$libinit$$00000004)
    __rt_lib_init_rand_1                     0x0800020d   Thumb Code     0  libinit2.o(.ARM.Collect$$libinit$$0000000E)
    __rt_lib_init_user_alloc_1               0x0800020d   Thumb Code     0  libinit2.o(.ARM.Collect$$libinit$$0000000C)
    __rt_lib_init_lc_collate_1               0x08000213   Thumb Code     0  libinit2.o(.ARM.Collect$$libinit$$00000011)
    __rt_lib_init_lc_ctype_1                 0x08000213   Thumb Code     0  libinit2.o(.ARM.Collect$$libinit$$00000013)
    __rt_lib_init_lc_monetary_1              0x08000213   Thumb Code     0  libinit2.o(.ARM.Collect$$libinit$$00000015)
    __rt_lib_init_lc_numeric_2               0x08000213   Thumb Code     0  libinit2.o(.ARM.Collect$$libinit$$00000016)
    __rt_lib_init_alloca_1                   0x0800021d   Thumb Code     0  libinit2.o(.ARM.Collect$$libinit$$0000002E)
    __rt_lib_init_argv_1                     0x0800021d   Thumb Code     0  libinit2.o(.ARM.Collect$$libinit$$0000002C)
    __rt_lib_init_atexit_1                   0x0800021d   Thumb Code     0  libinit2.o(.ARM.Collect$$libinit$$0000001B)
    __rt_lib_init_clock_1                    0x0800021d   Thumb Code     0  libinit2.o(.ARM.Collect$$libinit$$00000021)
    __rt_lib_init_cpp_1                      0x0800021d   Thumb Code     0  libinit2.o(.ARM.Collect$$libinit$$00000032)
    __rt_lib_init_exceptions_1               0x0800021d   Thumb Code     0  libinit2.o(.ARM.Collect$$libinit$$00000030)
    __rt_lib_init_fp_trap_1                  0x0800021d   Thumb Code     0  libinit2.o(.ARM.Collect$$libinit$$0000001F)
    __rt_lib_init_getenv_1                   0x0800021d   Thumb Code     0  libinit2.o(.ARM.Collect$$libinit$$00000023)
    __rt_lib_init_lc_numeric_1               0x0800021d   Thumb Code     0  libinit2.o(.ARM.Collect$$libinit$$00000017)
    __rt_lib_init_lc_time_1                  0x0800021d   Thumb Code     0  libinit2.o(.ARM.Collect$$libinit$$00000019)
    __rt_lib_init_return                     0x0800021d   Thumb Code     0  libinit2.o(.ARM.Collect$$libinit$$00000033)
    __rt_lib_init_signal_1                   0x0800021d   Thumb Code     0  libinit2.o(.ARM.Collect$$libinit$$0000001D)
    __rt_lib_init_stdio_1                    0x0800021d   Thumb Code     0  libinit2.o(.ARM.Collect$$libinit$$00000025)
    __rt_lib_shutdown                        0x0800021f   Thumb Code     0  libshutdown.o(.ARM.Collect$$libshutdown$$00000000)
    __rt_lib_shutdown_cpp_1                  0x08000221   Thumb Code     0  libshutdown2.o(.ARM.Collect$$libshutdown$$00000002)
    __rt_lib_shutdown_fp_trap_1              0x08000221   Thumb Code     0  libshutdown2.o(.ARM.Collect$$libshutdown$$00000007)
    __rt_lib_shutdown_heap_1                 0x08000221   Thumb Code     0  libshutdown2.o(.ARM.Collect$$libshutdown$$0000000F)
    __rt_lib_shutdown_return                 0x08000221   Thumb Code     0  libshutdown2.o(.ARM.Collect$$libshutdown$$00000010)
    __rt_lib_shutdown_signal_1               0x08000221   Thumb Code     0  libshutdown2.o(.ARM.Collect$$libshutdown$$0000000A)
    __rt_lib_shutdown_stdio_1                0x08000221   Thumb Code     0  libshutdown2.o(.ARM.Collect$$libshutdown$$00000004)
    __rt_lib_shutdown_user_alloc_1           0x08000221   Thumb Code     0  libshutdown2.o(.ARM.Collect$$libshutdown$$0000000C)
    __rt_entry                               0x08000223   Thumb Code     0  __rtentry.o(.ARM.Collect$$rtentry$$00000000)
    __rt_entry_presh_1                       0x08000223   Thumb Code     0  __rtentry2.o(.ARM.Collect$$rtentry$$00000002)
    __rt_entry_sh                            0x08000223   Thumb Code     0  __rtentry4.o(.ARM.Collect$$rtentry$$00000004)
    __rt_entry_li                            0x08000229   Thumb Code     0  __rtentry2.o(.ARM.Collect$$rtentry$$0000000A)
    __rt_entry_postsh_1                      0x08000229   Thumb Code     0  __rtentry2.o(.ARM.Collect$$rtentry$$00000009)
    __rt_entry_main                          0x0800022d   Thumb Code     0  __rtentry2.o(.ARM.Collect$$rtentry$$0000000D)
    __rt_entry_postli_1                      0x0800022d   Thumb Code     0  __rtentry2.o(.ARM.Collect$$rtentry$$0000000C)
    __rt_exit                                0x08000235   Thumb Code     0  rtexit.o(.ARM.Collect$$rtexit$$00000000)
    __rt_exit_ls                             0x08000237   Thumb Code     0  rtexit2.o(.ARM.Collect$$rtexit$$00000003)
    __rt_exit_prels_1                        0x08000237   Thumb Code     0  rtexit2.o(.ARM.Collect$$rtexit$$00000002)
    __rt_exit_exit                           0x0800023b   Thumb Code     0  rtexit2.o(.ARM.Collect$$rtexit$$00000004)
    SVC_Handler                              0x08000241   Thumb Code    28  port.o(.emb_text)
    __asm___6_port_c_39a90d8d__prvStartFirstTask 0x08000261   Thumb Code    28  port.o(.emb_text)
    __asm___6_port_c_39a90d8d__prvEnableVFP  0x08000281   Thumb Code    16  port.o(.emb_text)
    PendSV_Handler                           0x08000295   Thumb Code    92  port.o(.emb_text)
    vPortGetIPSR                             0x080002f5   Thumb Code     6  port.o(.emb_text)
    Reset_Handler                            0x080002fd   Thumb Code     8  startup_stm32f407xx.o(.text)
    ADC_IRQHandler                           0x08000317   Thumb Code     0  startup_stm32f407xx.o(.text)
    CAN1_RX0_IRQHandler                      0x08000317   Thumb Code     0  startup_stm32f407xx.o(.text)
    CAN1_RX1_IRQHandler                      0x08000317   Thumb Code     0  startup_stm32f407xx.o(.text)
    CAN1_SCE_IRQHandler                      0x08000317   Thumb Code     0  startup_stm32f407xx.o(.text)
    CAN1_TX_IRQHandler                       0x08000317   Thumb Code     0  startup_stm32f407xx.o(.text)
    CAN2_RX0_IRQHandler                      0x08000317   Thumb Code     0  startup_stm32f407xx.o(.text)
    CAN2_RX1_IRQHandler                      0x08000317   Thumb Code     0  startup_stm32f407xx.o(.text)
    CAN2_SCE_IRQHandler                      0x08000317   Thumb Code     0  startup_stm32f407xx.o(.text)
    CAN2_TX_IRQHandler                       0x08000317   Thumb Code     0  startup_stm32f407xx.o(.text)
    DCMI_IRQHandler                          0x08000317   Thumb Code     0  startup_stm32f407xx.o(.text)
    DMA1_Stream0_IRQHandler                  0x08000317   Thumb Code     0  startup_stm32f407xx.o(.text)
    DMA1_Stream1_IRQHandler                  0x08000317   Thumb Code     0  startup_stm32f407xx.o(.text)
    DMA1_Stream2_IRQHandler                  0x08000317   Thumb Code     0  startup_stm32f407xx.o(.text)
    DMA1_Stream3_IRQHandler                  0x08000317   Thumb Code     0  startup_stm32f407xx.o(.text)
    DMA1_Stream4_IRQHandler                  0x08000317   Thumb Code     0  startup_stm32f407xx.o(.text)
    DMA1_Stream5_IRQHandler                  0x08000317   Thumb Code     0  startup_stm32f407xx.o(.text)
    DMA1_Stream6_IRQHandler                  0x08000317   Thumb Code     0  startup_stm32f407xx.o(.text)
    DMA1_Stream7_IRQHandler                  0x08000317   Thumb Code     0  startup_stm32f407xx.o(.text)
    DMA2_Stream0_IRQHandler                  0x08000317   Thumb Code     0  startup_stm32f407xx.o(.text)
    DMA2_Stream1_IRQHandler                  0x08000317   Thumb Code     0  startup_stm32f407xx.o(.text)
    DMA2_Stream3_IRQHandler                  0x08000317   Thumb Code     0  startup_stm32f407xx.o(.text)
    DMA2_Stream4_IRQHandler                  0x08000317   Thumb Code     0  startup_stm32f407xx.o(.text)
    DMA2_Stream5_IRQHandler                  0x08000317   Thumb Code     0  startup_stm32f407xx.o(.text)
    DMA2_Stream6_IRQHandler                  0x08000317   Thumb Code     0  startup_stm32f407xx.o(.text)
    ETH_IRQHandler                           0x08000317   Thumb Code     0  startup_stm32f407xx.o(.text)
    ETH_WKUP_IRQHandler                      0x08000317   Thumb Code     0  startup_stm32f407xx.o(.text)
    EXTI0_IRQHandler                         0x08000317   Thumb Code     0  startup_stm32f407xx.o(.text)
    EXTI15_10_IRQHandler                     0x08000317   Thumb Code     0  startup_stm32f407xx.o(.text)
    EXTI1_IRQHandler                         0x08000317   Thumb Code     0  startup_stm32f407xx.o(.text)
    EXTI2_IRQHandler                         0x08000317   Thumb Code     0  startup_stm32f407xx.o(.text)
    EXTI3_IRQHandler                         0x08000317   Thumb Code     0  startup_stm32f407xx.o(.text)
    EXTI4_IRQHandler                         0x08000317   Thumb Code     0  startup_stm32f407xx.o(.text)
    EXTI9_5_IRQHandler                       0x08000317   Thumb Code     0  startup_stm32f407xx.o(.text)
    FLASH_IRQHandler                         0x08000317   Thumb Code     0  startup_stm32f407xx.o(.text)
    FMC_IRQHandler                           0x08000317   Thumb Code     0  startup_stm32f407xx.o(.text)
    FPU_IRQHandler                           0x08000317   Thumb Code     0  startup_stm32f407xx.o(.text)
    HASH_RNG_IRQHandler                      0x08000317   Thumb Code     0  startup_stm32f407xx.o(.text)
    I2C1_ER_IRQHandler                       0x08000317   Thumb Code     0  startup_stm32f407xx.o(.text)
    I2C1_EV_IRQHandler                       0x08000317   Thumb Code     0  startup_stm32f407xx.o(.text)
    I2C2_ER_IRQHandler                       0x08000317   Thumb Code     0  startup_stm32f407xx.o(.text)
    I2C2_EV_IRQHandler                       0x08000317   Thumb Code     0  startup_stm32f407xx.o(.text)
    I2C3_ER_IRQHandler                       0x08000317   Thumb Code     0  startup_stm32f407xx.o(.text)
    I2C3_EV_IRQHandler                       0x08000317   Thumb Code     0  startup_stm32f407xx.o(.text)
    OTG_FS_IRQHandler                        0x08000317   Thumb Code     0  startup_stm32f407xx.o(.text)
    OTG_FS_WKUP_IRQHandler                   0x08000317   Thumb Code     0  startup_stm32f407xx.o(.text)
    OTG_HS_EP1_IN_IRQHandler                 0x08000317   Thumb Code     0  startup_stm32f407xx.o(.text)
    OTG_HS_EP1_OUT_IRQHandler                0x08000317   Thumb Code     0  startup_stm32f407xx.o(.text)
    OTG_HS_IRQHandler                        0x08000317   Thumb Code     0  startup_stm32f407xx.o(.text)
    OTG_HS_WKUP_IRQHandler                   0x08000317   Thumb Code     0  startup_stm32f407xx.o(.text)
    PVD_IRQHandler                           0x08000317   Thumb Code     0  startup_stm32f407xx.o(.text)
    RCC_IRQHandler                           0x08000317   Thumb Code     0  startup_stm32f407xx.o(.text)
    RTC_Alarm_IRQHandler                     0x08000317   Thumb Code     0  startup_stm32f407xx.o(.text)
    RTC_WKUP_IRQHandler                      0x08000317   Thumb Code     0  startup_stm32f407xx.o(.text)
    SDIO_IRQHandler                          0x08000317   Thumb Code     0  startup_stm32f407xx.o(.text)
    SPI1_IRQHandler                          0x08000317   Thumb Code     0  startup_stm32f407xx.o(.text)
    SPI2_IRQHandler                          0x08000317   Thumb Code     0  startup_stm32f407xx.o(.text)
    SPI3_IRQHandler                          0x08000317   Thumb Code     0  startup_stm32f407xx.o(.text)
    TAMP_STAMP_IRQHandler                    0x08000317   Thumb Code     0  startup_stm32f407xx.o(.text)
    TIM1_BRK_TIM9_IRQHandler                 0x08000317   Thumb Code     0  startup_stm32f407xx.o(.text)
    TIM1_CC_IRQHandler                       0x08000317   Thumb Code     0  startup_stm32f407xx.o(.text)
    TIM1_TRG_COM_TIM11_IRQHandler            0x08000317   Thumb Code     0  startup_stm32f407xx.o(.text)
    TIM1_UP_TIM10_IRQHandler                 0x08000317   Thumb Code     0  startup_stm32f407xx.o(.text)
    TIM5_IRQHandler                          0x08000317   Thumb Code     0  startup_stm32f407xx.o(.text)
    TIM7_IRQHandler                          0x08000317   Thumb Code     0  startup_stm32f407xx.o(.text)
    TIM8_BRK_TIM12_IRQHandler                0x08000317   Thumb Code     0  startup_stm32f407xx.o(.text)
    TIM8_CC_IRQHandler                       0x08000317   Thumb Code     0  startup_stm32f407xx.o(.text)
    TIM8_TRG_COM_TIM14_IRQHandler            0x08000317   Thumb Code     0  startup_stm32f407xx.o(.text)
    TIM8_UP_TIM13_IRQHandler                 0x08000317   Thumb Code     0  startup_stm32f407xx.o(.text)
    UART4_IRQHandler                         0x08000317   Thumb Code     0  startup_stm32f407xx.o(.text)
    UART5_IRQHandler                         0x08000317   Thumb Code     0  startup_stm32f407xx.o(.text)
    USART2_IRQHandler                        0x08000317   Thumb Code     0  startup_stm32f407xx.o(.text)
    USART3_IRQHandler                        0x08000317   Thumb Code     0  startup_stm32f407xx.o(.text)
    USART6_IRQHandler                        0x08000317   Thumb Code     0  startup_stm32f407xx.o(.text)
    WWDG_IRQHandler                          0x08000317   Thumb Code     0  startup_stm32f407xx.o(.text)
    __user_initial_stackheap                 0x08000319   Thumb Code     0  startup_stm32f407xx.o(.text)
    __aeabi_uldivmod                         0x0800033d   Thumb Code     0  lludivv7m.o(.text)
    _ll_udiv                                 0x0800033d   Thumb Code   238  lludivv7m.o(.text)
    __2sprintf                               0x0800042d   Thumb Code    34  noretval__2sprintf.o(.text)
    __printf                                 0x08000455   Thumb Code   270  __printf_wp.o(.text)
    strncmp                                  0x08000563   Thumb Code   150  strncmp.o(.text)
    __aeabi_memcpy                           0x080005f9   Thumb Code     0  rt_memcpy_v6.o(.text)
    __rt_memcpy                              0x080005f9   Thumb Code   138  rt_memcpy_v6.o(.text)
    _memcpy_lastbytes                        0x0800065f   Thumb Code     0  rt_memcpy_v6.o(.text)
    __aeabi_memcpy4                          0x08000683   Thumb Code     0  rt_memcpy_w.o(.text)
    __aeabi_memcpy8                          0x08000683   Thumb Code     0  rt_memcpy_w.o(.text)
    __rt_memcpy_w                            0x08000683   Thumb Code   100  rt_memcpy_w.o(.text)
    _memcpy_lastbytes_aligned                0x080006cb   Thumb Code     0  rt_memcpy_w.o(.text)
    __aeabi_memclr                           0x080006e7   Thumb Code     0  rt_memclr.o(.text)
    __rt_memclr                              0x080006e7   Thumb Code    68  rt_memclr.o(.text)
    _memset                                  0x080006eb   Thumb Code     0  rt_memclr.o(.text)
    __aeabi_memclr4                          0x0800072b   Thumb Code     0  rt_memclr_w.o(.text)
    __aeabi_memclr8                          0x0800072b   Thumb Code     0  rt_memclr_w.o(.text)
    __rt_memclr_w                            0x0800072b   Thumb Code    78  rt_memclr_w.o(.text)
    _memset_w                                0x0800072f   Thumb Code     0  rt_memclr_w.o(.text)
    __use_two_region_memory                  0x08000779   Thumb Code     2  heapauxi.o(.text)
    __rt_heap_escrow$2region                 0x0800077b   Thumb Code     2  heapauxi.o(.text)
    __rt_heap_expand$2region                 0x0800077d   Thumb Code     2  heapauxi.o(.text)
    __read_errno                             0x0800077f   Thumb Code    10  _rserrno.o(.text)
    __set_errno                              0x08000789   Thumb Code    12  _rserrno.o(.text)
    __lib_sel_fp_printf                      0x08000795   Thumb Code     2  _printf_fp_dec.o(.text)
    _printf_fp_dec_real                      0x08000947   Thumb Code   620  _printf_fp_dec.o(.text)
    _printf_char_common                      0x08000bbf   Thumb Code    32  _printf_char_common.o(.text)
    _sputc                                   0x08000be5   Thumb Code    10  _sputc.o(.text)
    __rt_locale                              0x08000bf1   Thumb Code     8  rt_locale_intlibspace.o(.text)
    __aeabi_errno_addr                       0x08000bf9   Thumb Code     8  rt_errno_addr_intlibspace.o(.text)
    __errno$intlibspace                      0x08000bf9   Thumb Code     0  rt_errno_addr_intlibspace.o(.text)
    __rt_errno_addr$intlibspace              0x08000bf9   Thumb Code     0  rt_errno_addr_intlibspace.o(.text)
    _ll_udiv10                               0x08000c01   Thumb Code   138  lludiv10.o(.text)
    _printf_fp_infnan                        0x08000c8d   Thumb Code   112  _printf_fp_infnan.o(.text)
    _btod_etento                             0x08000d0d   Thumb Code   224  bigflt0.o(.text)
    __user_libspace                          0x08000df1   Thumb Code     8  libspace.o(.text)
    __user_perproc_libspace                  0x08000df1   Thumb Code     0  libspace.o(.text)
    __user_perthread_libspace                0x08000df1   Thumb Code     0  libspace.o(.text)
    __user_setup_stackheap                   0x08000df9   Thumb Code    74  sys_stackheap_outer.o(.text)
    exit                                     0x08000e43   Thumb Code    18  exit.o(.text)
    strcmp                                   0x08000e55   Thumb Code   128  strcmpv7m.o(.text)
    _sys_exit                                0x08000ed5   Thumb Code     8  sys_exit.o(.text)
    __I$use$semihosting                      0x08000ee1   Thumb Code     0  use_no_semi.o(.text)
    __use_no_semihosting_swi                 0x08000ee1   Thumb Code     2  use_no_semi.o(.text)
    __semihosting_library_function           0x08000ee3   Thumb Code     0  indicate_semi.o(.text)
    _btod_d2e                                0x08000ee3   Thumb Code    62  btod.o(CL$$btod_d2e)
    _d2e_denorm_low                          0x08000f21   Thumb Code    70  btod.o(CL$$btod_d2e_denorm_low)
    _d2e_norm_op1                            0x08000f67   Thumb Code    96  btod.o(CL$$btod_d2e_norm_op1)
    __btod_div_common                        0x08000fc7   Thumb Code   696  btod.o(CL$$btod_div_common)
    _e2e                                     0x080012ff   Thumb Code   220  btod.o(CL$$btod_e2e)
    _btod_ediv                               0x080013db   Thumb Code    42  btod.o(CL$$btod_ediv)
    _btod_emul                               0x08001405   Thumb Code    42  btod.o(CL$$btod_emul)
    __btod_mult_common                       0x0800142f   Thumb Code   580  btod.o(CL$$btod_mult_common)
    Analysis_Diabete_Code                    0x080017a1   Thumb Code   338  draw_diabetes_task.o(i.Analysis_Diabete_Code)
    Analysis_End                             0x08001901   Thumb Code     8  draw_diabetes_task.o(i.Analysis_End)
    Bluetooth_Comm_Task                      0x0800190d   Thumb Code   136  bluetooth_comm_task.o(i.Bluetooth_Comm_Task)
    BusFault_Handler                         0x080019b9   Thumb Code     2  stm32f4xx_it.o(i.BusFault_Handler)
    Con_AllMotor_Move                        0x080019bd   Thumb Code    40  stepper_con.o(i.Con_AllMotor_Move)
    Con_Motor_Move                           0x080019e9   Thumb Code   192  stepper_con.o(i.Con_Motor_Move)
    DMA2_Stream2_IRQHandler                  0x08001aa9   Thumb Code     6  stm32f4xx_it.o(i.DMA2_Stream2_IRQHandler)
    DMA2_Stream7_IRQHandler                  0x08001ab5   Thumb Code     6  stm32f4xx_it.o(i.DMA2_Stream7_IRQHandler)
    DebugMon_Handler                         0x08001b8f   Thumb Code     2  stm32f4xx_it.o(i.DebugMon_Handler)
    Draw_Diabetes_Task                       0x08001b91   Thumb Code   360  draw_diabetes_task.o(i.Draw_Diabetes_Task)
    Get_NTC_Temp                             0x08001d09   Thumb Code   202  temp_ctrl_task.o(i.Get_NTC_Temp)
    HAL_ADC_ConfigChannel                    0x08001e11   Thumb Code   326  stm32f4xx_hal_adc.o(i.HAL_ADC_ConfigChannel)
    HAL_ADC_GetValue                         0x08001f69   Thumb Code     6  stm32f4xx_hal_adc.o(i.HAL_ADC_GetValue)
    HAL_ADC_Init                             0x08001f6f   Thumb Code    84  stm32f4xx_hal_adc.o(i.HAL_ADC_Init)
    HAL_ADC_MspInit                          0x08001fc5   Thumb Code    54  adc.o(i.HAL_ADC_MspInit)
    HAL_ADC_PollForConversion                0x08002009   Thumb Code   162  stm32f4xx_hal_adc.o(i.HAL_ADC_PollForConversion)
    HAL_ADC_Start                            0x080020ad   Thumb Code   198  stm32f4xx_hal_adc.o(i.HAL_ADC_Start)
    HAL_DMA_Abort                            0x08002185   Thumb Code   142  stm32f4xx_hal_dma.o(i.HAL_DMA_Abort)
    HAL_DMA_Abort_IT                         0x08002213   Thumb Code    36  stm32f4xx_hal_dma.o(i.HAL_DMA_Abort_IT)
    HAL_DMA_IRQHandler                       0x08002239   Thumb Code   460  stm32f4xx_hal_dma.o(i.HAL_DMA_IRQHandler)
    HAL_DMA_Init                             0x08002409   Thumb Code   208  stm32f4xx_hal_dma.o(i.HAL_DMA_Init)
    HAL_DMA_Start_IT                         0x080024dd   Thumb Code   120  stm32f4xx_hal_dma.o(i.HAL_DMA_Start_IT)
    HAL_Delay                                0x08002555   Thumb Code    28  stm32f4xx_hal.o(i.HAL_Delay)
    HAL_GPIO_Init                            0x08002571   Thumb Code   406  stm32f4xx_hal_gpio.o(i.HAL_GPIO_Init)
    HAL_GPIO_ReadPin                         0x08002735   Thumb Code    14  stm32f4xx_hal_gpio.o(i.HAL_GPIO_ReadPin)
    HAL_GPIO_WritePin                        0x08002743   Thumb Code    14  stm32f4xx_hal_gpio.o(i.HAL_GPIO_WritePin)
    HAL_GetTick                              0x08002751   Thumb Code     6  stm32f4xx_hal.o(i.HAL_GetTick)
    HAL_IncTick                              0x0800275d   Thumb Code    10  stm32f4xx_hal.o(i.HAL_IncTick)
    HAL_Init                                 0x0800276d   Thumb Code    48  stm32f4xx_hal.o(i.HAL_Init)
    HAL_InitTick                             0x080027a1   Thumb Code   100  stm32f4xx_hal_timebase_tim.o(i.HAL_InitTick)
    HAL_MspInit                              0x08002815   Thumb Code    88  stm32f4xx_hal_msp.o(i.HAL_MspInit)
    HAL_NVIC_EnableIRQ                       0x0800286d   Thumb Code    22  stm32f4xx_hal_cortex.o(i.HAL_NVIC_EnableIRQ)
    HAL_NVIC_SetPriority                     0x08002885   Thumb Code    60  stm32f4xx_hal_cortex.o(i.HAL_NVIC_SetPriority)
    HAL_NVIC_SetPriorityGrouping             0x080028c5   Thumb Code    26  stm32f4xx_hal_cortex.o(i.HAL_NVIC_SetPriorityGrouping)
    HAL_RCC_ClockConfig                      0x080028e9   Thumb Code   308  stm32f4xx_hal_rcc.o(i.HAL_RCC_ClockConfig)
    HAL_RCC_GetClockConfig                   0x08002a2d   Thumb Code    52  stm32f4xx_hal_rcc.o(i.HAL_RCC_GetClockConfig)
    HAL_RCC_GetHCLKFreq                      0x08002a69   Thumb Code     6  stm32f4xx_hal_rcc.o(i.HAL_RCC_GetHCLKFreq)
    HAL_RCC_GetPCLK1Freq                     0x08002a75   Thumb Code    22  stm32f4xx_hal_rcc.o(i.HAL_RCC_GetPCLK1Freq)
    HAL_RCC_GetPCLK2Freq                     0x08002a95   Thumb Code    22  stm32f4xx_hal_rcc.o(i.HAL_RCC_GetPCLK2Freq)
    HAL_RCC_GetSysClockFreq                  0x08002ab5   Thumb Code    94  stm32f4xx_hal_rcc.o(i.HAL_RCC_GetSysClockFreq)
    HAL_RCC_OscConfig                        0x08002b1d   Thumb Code   844  stm32f4xx_hal_rcc.o(i.HAL_RCC_OscConfig)
    HAL_SYSTICK_CLKSourceConfig              0x08002e79   Thumb Code    28  stm32f4xx_hal_cortex.o(i.HAL_SYSTICK_CLKSourceConfig)
    HAL_SYSTICK_Config                       0x08002e95   Thumb Code    40  stm32f4xx_hal_cortex.o(i.HAL_SYSTICK_Config)
    HAL_TIMEx_BreakCallback                  0x08002ebd   Thumb Code     2  stm32f4xx_hal_tim_ex.o(i.HAL_TIMEx_BreakCallback)
    HAL_TIMEx_CommutationCallback            0x08002ebf   Thumb Code     2  stm32f4xx_hal_tim_ex.o(i.HAL_TIMEx_CommutationCallback)
    HAL_TIMEx_ConfigBreakDeadTime            0x08002ec1   Thumb Code    90  stm32f4xx_hal_tim_ex.o(i.HAL_TIMEx_ConfigBreakDeadTime)
    HAL_TIMEx_MasterConfigSynchronization    0x08002f1b   Thumb Code    80  stm32f4xx_hal_tim_ex.o(i.HAL_TIMEx_MasterConfigSynchronization)
    HAL_TIM_Base_Init                        0x08002f6b   Thumb Code    56  stm32f4xx_hal_tim.o(i.HAL_TIM_Base_Init)
    HAL_TIM_Base_MspInit                     0x08002fa5   Thumb Code   160  tim.o(i.HAL_TIM_Base_MspInit)
    HAL_TIM_Base_Start_IT                    0x08003055   Thumb Code    24  stm32f4xx_hal_tim.o(i.HAL_TIM_Base_Start_IT)
    HAL_TIM_ConfigClockSource                0x0800306d   Thumb Code   270  stm32f4xx_hal_tim.o(i.HAL_TIM_ConfigClockSource)
    HAL_TIM_IC_CaptureCallback               0x0800317b   Thumb Code     2  stm32f4xx_hal_tim.o(i.HAL_TIM_IC_CaptureCallback)
    HAL_TIM_IRQHandler                       0x0800317d   Thumb Code   366  stm32f4xx_hal_tim.o(i.HAL_TIM_IRQHandler)
    HAL_TIM_MspPostInit                      0x080032ed   Thumb Code   122  tim.o(i.HAL_TIM_MspPostInit)
    HAL_TIM_OC_DelayElapsedCallback          0x0800337d   Thumb Code     2  stm32f4xx_hal_tim.o(i.HAL_TIM_OC_DelayElapsedCallback)
    HAL_TIM_PWM_ConfigChannel                0x0800337f   Thumb Code   218  stm32f4xx_hal_tim.o(i.HAL_TIM_PWM_ConfigChannel)
    HAL_TIM_PWM_Init                         0x08003459   Thumb Code    56  stm32f4xx_hal_tim.o(i.HAL_TIM_PWM_Init)
    HAL_TIM_PWM_MspInit                      0x08003491   Thumb Code     2  stm32f4xx_hal_tim.o(i.HAL_TIM_PWM_MspInit)
    HAL_TIM_PWM_PulseFinishedCallback        0x08003495   Thumb Code    82  stepper_con.o(i.HAL_TIM_PWM_PulseFinishedCallback)
    HAL_TIM_PWM_Start                        0x080034f5   Thumb Code    48  stm32f4xx_hal_tim.o(i.HAL_TIM_PWM_Start)
    HAL_TIM_PWM_Start_IT                     0x0800352d   Thumb Code   106  stm32f4xx_hal_tim.o(i.HAL_TIM_PWM_Start_IT)
    HAL_TIM_PWM_Stop                         0x080035a1   Thumb Code    84  stm32f4xx_hal_tim.o(i.HAL_TIM_PWM_Stop)
    HAL_TIM_PWM_Stop_IT                      0x080035fd   Thumb Code   136  stm32f4xx_hal_tim.o(i.HAL_TIM_PWM_Stop_IT)
    HAL_TIM_PeriodElapsedCallback            0x0800368d   Thumb Code    14  main.o(i.HAL_TIM_PeriodElapsedCallback)
    HAL_TIM_TriggerCallback                  0x080036a1   Thumb Code     2  stm32f4xx_hal_tim.o(i.HAL_TIM_TriggerCallback)
    HAL_UART_DMAStop                         0x080036a3   Thumb Code    88  stm32f4xx_hal_uart.o(i.HAL_UART_DMAStop)
    HAL_UART_ErrorCallback                   0x080036fb   Thumb Code     2  stm32f4xx_hal_uart.o(i.HAL_UART_ErrorCallback)
    HAL_UART_IRQHandler                      0x080036fd   Thumb Code   268  stm32f4xx_hal_uart.o(i.HAL_UART_IRQHandler)
    HAL_UART_Init                            0x0800380d   Thumb Code   100  stm32f4xx_hal_uart.o(i.HAL_UART_Init)
    HAL_UART_MspInit                         0x08003871   Thumb Code   192  usart.o(i.HAL_UART_MspInit)
    HAL_UART_Receive_DMA                     0x08003955   Thumb Code   142  stm32f4xx_hal_uart.o(i.HAL_UART_Receive_DMA)
    HAL_UART_RxCpltCallback                  0x080039f1   Thumb Code     2  stm32f4xx_hal_uart.o(i.HAL_UART_RxCpltCallback)
    HAL_UART_RxHalfCpltCallback              0x080039f3   Thumb Code     2  stm32f4xx_hal_uart.o(i.HAL_UART_RxHalfCpltCallback)
    HAL_UART_Transmit_DMA                    0x080039f5   Thumb Code   126  stm32f4xx_hal_uart.o(i.HAL_UART_Transmit_DMA)
    HAL_UART_TxCpltCallback                  0x08003a81   Thumb Code     2  stm32f4xx_hal_uart.o(i.HAL_UART_TxCpltCallback)
    HAL_UART_TxHalfCpltCallback              0x08003a83   Thumb Code     2  stm32f4xx_hal_uart.o(i.HAL_UART_TxHalfCpltCallback)
    HardFault_Handler                        0x08003a85   Thumb Code     2  stm32f4xx_it.o(i.HardFault_Handler)
    Is_All_Init                              0x08003a89   Thumb Code    26  stepper_con.o(i.Is_All_Init)
    Is_Analysis_End                          0x08003aa9   Thumb Code    16  draw_diabetes_task.o(i.Is_Analysis_End)
    Judge_Quadrant                           0x08003abd   Thumb Code    52  stepper_con.o(i.Judge_Quadrant)
    MX_ADC1_Init                             0x08003af1   Thumb Code    84  adc.o(i.MX_ADC1_Init)
    MX_DMA_Init                              0x08003b61   Thumb Code    56  dma.o(i.MX_DMA_Init)
    MX_FREERTOS_Init                         0x08003b9d   Thumb Code    96  freertos.o(i.MX_FREERTOS_Init)
    MX_GPIO_Init                             0x08003c05   Thumb Code   244  gpio.o(i.MX_GPIO_Init)
    MX_TIM1_Init                             0x08003d0d   Thumb Code   186  tim.o(i.MX_TIM1_Init)
    MX_TIM2_Init                             0x08003de1   Thumb Code   148  tim.o(i.MX_TIM2_Init)
    MX_TIM3_Init                             0x08003e89   Thumb Code   146  tim.o(i.MX_TIM3_Init)
    MX_TIM4_Init                             0x08003f35   Thumb Code   146  tim.o(i.MX_TIM4_Init)
    MX_USART1_UART_Init                      0x08003fe1   Thumb Code    52  usart.o(i.MX_USART1_UART_Init)
    MemManage_Handler                        0x0800402d   Thumb Code     2  stm32f4xx_it.o(i.MemManage_Handler)
    MyUsartReceive_IDLE_Handler              0x08004031   Thumb Code    84  bsp_uart.o(i.MyUsartReceive_IDLE_Handler)
    My_PBP_Circle                            0x08004091   Thumb Code   490  stepper_con.o(i.My_PBP_Circle)
    My_PBP_Line                              0x08004285   Thumb Code   296  stepper_con.o(i.My_PBP_Line)
    NMI_Handler                              0x080043b5   Thumb Code     2  stm32f4xx_it.o(i.NMI_Handler)
    PID_struct_init                          0x080043d9   Thumb Code    16  pid.o(i.PID_struct_init)
    Print_All_Init                           0x080043f1   Thumb Code    50  stepper_con.o(i.Print_All_Init)
    RecivePath_Analysis                      0x0800442d   Thumb Code   592  bluetooth_comm_task.o(i.RecivePath_Analysis)
    RecivePath_Handler                       0x08004685   Thumb Code   400  bluetooth_comm_task.o(i.RecivePath_Handler)
    StartDefaultTask                         0x08004831   Thumb Code    12  freertos.o(i.StartDefaultTask)
    Stepper_Init                             0x0800483d   Thumb Code   130  stepper_con.o(i.Stepper_Init)
    Stepper_Stop                             0x080048d5   Thumb Code    44  stepper_con.o(i.Stepper_Stop)
    SysTick_Handler                          0x0800490d   Thumb Code     4  stm32f4xx_it.o(i.SysTick_Handler)
    SystemClock_Config                       0x08004911   Thumb Code   148  main.o(i.SystemClock_Config)
    SystemInit                               0x080049ad   Thumb Code    66  system_stm32f4xx.o(i.SystemInit)
    TIM2_IRQHandler                          0x08004a01   Thumb Code     6  stm32f4xx_it.o(i.TIM2_IRQHandler)
    TIM3_IRQHandler                          0x08004a0d   Thumb Code     6  stm32f4xx_it.o(i.TIM3_IRQHandler)
    TIM4_IRQHandler                          0x08004a19   Thumb Code     6  stm32f4xx_it.o(i.TIM4_IRQHandler)
    TIM6_DAC_IRQHandler                      0x08004a25   Thumb Code     6  stm32f4xx_it.o(i.TIM6_DAC_IRQHandler)
    TIM_Base_SetConfig                       0x08004a31   Thumb Code   152  stm32f4xx_hal_tim.o(i.TIM_Base_SetConfig)
    TIM_CCxChannelCmd                        0x08004af5   Thumb Code    22  stm32f4xx_hal_tim.o(i.TIM_CCxChannelCmd)
    TIM_OC2_SetConfig                        0x08004b91   Thumb Code    98  stm32f4xx_hal_tim.o(i.TIM_OC2_SetConfig)
    Temp_Ctrl_Task                           0x08004d01   Thumb Code   186  temp_ctrl_task.o(i.Temp_Ctrl_Task)
    USART1_IRQHandler                        0x08005311   Thumb Code    18  stm32f4xx_it.o(i.USART1_IRQHandler)
    Uart_Callback_BLT_Handle                 0x08005329   Thumb Code   116  draw_diabetes_task.o(i.Uart_Callback_BLT_Handle)
    UsageFault_Handler                       0x080053b5   Thumb Code     2  stm32f4xx_it.o(i.UsageFault_Handler)
    Zero_All_Init                            0x080053b9   Thumb Code    20  stepper_con.o(i.Zero_All_Init)
    Zero_Motor_Init                          0x080053d1   Thumb Code   132  stepper_con.o(i.Zero_Motor_Init)
    _Error_Handler                           0x08005455   Thumb Code     2  main.o(i._Error_Handler)
    __ARM_fpclassify                         0x08005457   Thumb Code    48  fpclassify.o(i.__ARM_fpclassify)
    __hardfp_log                             0x08005489   Thumb Code   872  log.o(i.__hardfp_log)
    __kernel_poly                            0x0800584d   Thumb Code   248  poly.o(i.__kernel_poly)
    __mathlib_dbl_divzero                    0x08005949   Thumb Code    28  dunder.o(i.__mathlib_dbl_divzero)
    __mathlib_dbl_infnan                     0x08005979   Thumb Code    20  dunder.o(i.__mathlib_dbl_infnan)
    __mathlib_dbl_invalid                    0x08005991   Thumb Code    24  dunder.o(i.__mathlib_dbl_invalid)
    _is_digit                                0x080059b1   Thumb Code    14  __printf_wp.o(i._is_digit)
    abs_limit                                0x080059bf   Thumb Code    42  pid.o(i.abs_limit)
    bluetooth_init                           0x080059e9   Thumb Code    26  bsp_uart.o(i.bluetooth_init)
    main                                     0x08005a0d   Thumb Code    96  main.o(i.main)
    osDelay                                  0x08005a8d   Thumb Code    16  cmsis_os.o(i.osDelay)
    osKernelStart                            0x08005a9d   Thumb Code    10  cmsis_os.o(i.osKernelStart)
    osSystickHandler                         0x08005aa7   Thumb Code    20  cmsis_os.o(i.osSystickHandler)
    osThreadCreate                           0x08005abb   Thumb Code    46  cmsis_os.o(i.osThreadCreate)
    pid_calc                                 0x08005ae9   Thumb Code   468  pid.o(i.pid_calc)
    pvPortMalloc                             0x08006031   Thumb Code   208  heap_4.o(i.pvPortMalloc)
    pxPortInitialiseStack                    0x08006105   Thumb Code    30  port.o(i.pxPortInitialiseStack)
    uxListRemove                             0x08006129   Thumb Code    36  list.o(i.uxListRemove)
    vListInitialise                          0x0800614d   Thumb Code    22  list.o(i.vListInitialise)
    vListInitialiseItem                      0x08006163   Thumb Code     6  list.o(i.vListInitialiseItem)
    vListInsert                              0x08006169   Thumb Code    48  list.o(i.vListInsert)
    vListInsertEnd                           0x08006199   Thumb Code    24  list.o(i.vListInsertEnd)
    vPortEnterCritical                       0x080061b1   Thumb Code    54  port.o(i.vPortEnterCritical)
    vPortExitCritical                        0x080061f1   Thumb Code    38  port.o(i.vPortExitCritical)
    vPortFree                                0x0800621d   Thumb Code    88  heap_4.o(i.vPortFree)
    vPortSetupTimerInterrupt                 0x08006279   Thumb Code    26  port.o(i.vPortSetupTimerInterrupt)
    vTaskDelay                               0x08006299   Thumb Code    66  tasks.o(i.vTaskDelay)
    vTaskStartScheduler                      0x080062e5   Thumb Code    86  tasks.o(i.vTaskStartScheduler)
    vTaskSuspendAll                          0x0800634d   Thumb Code    10  tasks.o(i.vTaskSuspendAll)
    vTaskSwitchContext                       0x0800635d   Thumb Code    82  tasks.o(i.vTaskSwitchContext)
    xPortStartScheduler                      0x080063b9   Thumb Code   204  port.o(i.xPortStartScheduler)
    xPortSysTickHandler                      0x08006499   Thumb Code    38  port.o(i.xPortSysTickHandler)
    xTaskCreate                              0x080064c5   Thumb Code    86  tasks.o(i.xTaskCreate)
    xTaskGetSchedulerState                   0x0800651d   Thumb Code    22  tasks.o(i.xTaskGetSchedulerState)
    xTaskIncrementTick                       0x08006539   Thumb Code   192  tasks.o(i.xTaskIncrementTick)
    xTaskResumeAll                           0x08006601   Thumb Code   182  tasks.o(i.xTaskResumeAll)
    _get_lc_numeric                          0x080066c5   Thumb Code    44  lc_numeric_c.o(locale$$code)
    __aeabi_dneg                             0x080066f1   Thumb Code     0  basic.o(x$fpl$basic)
    _dneg                                    0x080066f1   Thumb Code     6  basic.o(x$fpl$basic)
    __aeabi_fneg                             0x080066f7   Thumb Code     0  basic.o(x$fpl$basic)
    _fneg                                    0x080066f7   Thumb Code     6  basic.o(x$fpl$basic)
    _dabs                                    0x080066fd   Thumb Code     6  basic.o(x$fpl$basic)
    _fabs                                    0x08006703   Thumb Code     6  basic.o(x$fpl$basic)
    __aeabi_d2f                              0x08006709   Thumb Code     0  d2f.o(x$fpl$d2f)
    _d2f                                     0x08006709   Thumb Code    98  d2f.o(x$fpl$d2f)
    __aeabi_dadd                             0x0800676d   Thumb Code     0  daddsub_clz.o(x$fpl$dadd)
    _dadd                                    0x0800676d   Thumb Code   332  daddsub_clz.o(x$fpl$dadd)
    __fpl_dcmp_Inf                           0x080068bd   Thumb Code    24  dcmpi.o(x$fpl$dcmpinf)
    __aeabi_ddiv                             0x080068d5   Thumb Code     0  ddiv.o(x$fpl$ddiv)
    _ddiv                                    0x080068d5   Thumb Code   552  ddiv.o(x$fpl$ddiv)
    __aeabi_cdcmpeq                          0x08006b85   Thumb Code     0  deqf.o(x$fpl$deqf)
    _dcmpeq                                  0x08006b85   Thumb Code   120  deqf.o(x$fpl$deqf)
    __aeabi_i2d                              0x08006bfd   Thumb Code     0  dflt_clz.o(x$fpl$dflt)
    _dflt                                    0x08006bfd   Thumb Code    46  dflt_clz.o(x$fpl$dflt)
    __aeabi_dmul                             0x08006c2d   Thumb Code     0  dmul.o(x$fpl$dmul)
    _dmul                                    0x08006c2d   Thumb Code   332  dmul.o(x$fpl$dmul)
    __fpl_dnaninf                            0x08006d81   Thumb Code   156  dnaninf.o(x$fpl$dnaninf)
    __fpl_dretinf                            0x08006e1d   Thumb Code    12  dretinf.o(x$fpl$dretinf)
    __aeabi_drsub                            0x08006e29   Thumb Code     0  daddsub_clz.o(x$fpl$drsb)
    _drsb                                    0x08006e29   Thumb Code    22  daddsub_clz.o(x$fpl$drsb)
    __aeabi_dsub                             0x08006e41   Thumb Code     0  daddsub_clz.o(x$fpl$dsub)
    _dsub                                    0x08006e41   Thumb Code   464  daddsub_clz.o(x$fpl$dsub)
    __aeabi_f2d                              0x08007015   Thumb Code     0  f2d.o(x$fpl$f2d)
    _f2d                                     0x08007015   Thumb Code    86  f2d.o(x$fpl$f2d)
    __fpl_fnaninf                            0x0800706b   Thumb Code   140  fnaninf.o(x$fpl$fnaninf)
    _fp_init                                 0x080070f7   Thumb Code    10  fpinit.o(x$fpl$fpinit)
    __fplib_config_fpu_vfp                   0x080070ff   Thumb Code     0  fpinit.o(x$fpl$fpinit)
    __fplib_config_pureend_doubles           0x080070ff   Thumb Code     0  fpinit.o(x$fpl$fpinit)
    __fpl_fretinf                            0x08007101   Thumb Code    10  fretinf.o(x$fpl$fretinf)
    _printf_fp_dec                           0x0800710b   Thumb Code     4  printf1.o(x$fpl$printf1)
    AHBPrescTable                            0x0800710e   Data          16  system_stm32f4xx.o(.constdata)
    __I$use$fp                               0x0800710e   Number         0  usenofp.o(x$fpl$usenofp)
    APBPrescTable                            0x0800711e   Data           8  system_stm32f4xx.o(.constdata)
    pokemonLogo                              0x08007180   Data          64  draw_diabetes_task.o(.constdata)
    tankDiabete                              0x080071c0   Data         200  draw_diabetes_task.o(.constdata)
    __mathlib_zero                           0x080072c0   Data           8  qnan.o(.constdata)
    Region$$Table$$Base                      0x080073a0   Number         0  anon$$obj.o(Region$$Table)
    Region$$Table$$Limit                     0x080073c0   Number         0  anon$$obj.o(Region$$Table)
    SystemCoreClock                          0x20000000   Data           4  system_stm32f4xx.o(.data)
    cxn                                      0x20000004   Data           2  main.o(.data)
    defaultTaskHandle                        0x20000008   Data           4  freertos.o(.data)
    drawDiabetesTaskHandle                   0x2000000c   Data           4  freertos.o(.data)
    tempCtrlTaskHandle                       0x20000010   Data           4  freertos.o(.data)
    bluetoothCommTaskHandle                  0x20000014   Data           4  freertos.o(.data)
    uwTick                                   0x20000018   Data           4  stm32f4xx_hal.o(.data)
    pxCurrentTCB                             0x2000001c   Data           4  tasks.o(.data)
    lineCntLimit                             0x2000007c   Data           2  draw_diabetes_task.o(.data)
    sMechine                                 0x2000007e   Data           3  draw_diabetes_task.o(.data)
    sLastMechine                             0x20000081   Data           3  draw_diabetes_task.o(.data)
    sMechineUart                             0x20000084   Data           3  draw_diabetes_task.o(.data)
    sLastMechineUart                         0x20000087   Data           3  draw_diabetes_task.o(.data)
    sDiyDiabeteStr                           0x2000008c   Data           8  draw_diabetes_task.o(.data)
    cxnTempSum                               0x20000094   Data           2  temp_ctrl_task.o(.data)
    cxnTempAvg                               0x20000098   Data           4  temp_ctrl_task.o(.data)
    curTemp                                  0x2000009c   Data           4  temp_ctrl_task.o(.data)
    pidOut                                   0x200000a0   Data           4  temp_ctrl_task.o(.data)
    tempStr                                  0x200000a8   Data           8  bluetooth_comm_task.o(.data)
    sCurPoint                                0x200000b0   Data           8  stepper_con.o(.data)
    rx_len                                   0x200000b8   Data           4  bsp_uart.o(.data)
    htim1                                    0x200000bc   Data          60  tim.o(.bss)
    htim2                                    0x200000f8   Data          60  tim.o(.bss)
    htim3                                    0x20000134   Data          60  tim.o(.bss)
    htim4                                    0x20000170   Data          60  tim.o(.bss)
    htim6                                    0x200001ac   Data          60  stm32f4xx_hal_timebase_tim.o(.bss)
    huart1                                   0x200001e8   Data          64  usart.o(.bss)
    hdma_usart1_rx                           0x20000228   Data          96  usart.o(.bss)
    hdma_usart1_tx                           0x20000288   Data          96  usart.o(.bss)
    hadc1                                    0x200002e8   Data          72  adc.o(.bss)
    sAnaCode                                 0x20004020   Data          28  draw_diabetes_task.o(.bss)
    pid_temp                                 0x2000403c   Data         108  temp_ctrl_task.o(.bss)
    cxnTemp                                  0x200040a8   Data          10  temp_ctrl_task.o(.bss)
    sPathAnalysis                            0x200040b4   Data          12  bluetooth_comm_task.o(.bss)
    sRecivePath                              0x200040c0   Data         510  bluetooth_comm_task.o(.bss)
    sXstepper                                0x200042c0   Data         100  stepper_con.o(.bss)
    sYstepper                                0x20004324   Data         100  stepper_con.o(.bss)
    sPbpStu                                  0x20004388   Data          60  stepper_con.o(.bss)
    bluetooth_buff                           0x200043c4   Data         150  bsp_uart.o(.bss)
    __libspace_start                         0x2000445c   Data          96  libspace.o(.bss)
    __temporary_stack_top$libspace           0x200044bc   Data           0  libspace.o(.bss)



==============================================================================

Memory Map of the image

  Image Entry point : 0x08000189

  Load Region LR_IROM1 (Base: 0x08000000, Size: 0x00007498, Max: 0x00100000, ABSOLUTE)

    Execution Region ER_IROM1 (Exec base: 0x08000000, Load base: 0x08000000, Size: 0x000073dc, Max: 0x00100000, ABSOLUTE)

    Exec Addr    Load Addr    Size         Type   Attr      Idx    E Section Name        Object

    0x08000000   0x08000000   0x00000188   Data   RO         3237    RESET               startup_stm32f407xx.o
    0x08000188   0x08000188   0x00000008   Code   RO         4716  * !!!main             c_w.l(__main.o)
    0x08000190   0x08000190   0x00000034   Code   RO         5012    !!!scatter          c_w.l(__scatter.o)
    0x080001c4   0x080001c4   0x0000001a   Code   RO         5014    !!handler_copy      c_w.l(__scatter_copy.o)
    0x080001de   0x080001de   0x00000002   PAD
    0x080001e0   0x080001e0   0x0000001c   Code   RO         5016    !!handler_zi        c_w.l(__scatter_zi.o)
    0x080001fc   0x080001fc   0x00000000   Code   RO         4703    .ARM.Collect$$_printf_percent$$00000000  c_w.l(_printf_percent.o)
    0x080001fc   0x080001fc   0x00000006   Code   RO         4702    .ARM.Collect$$_printf_percent$$00000003  c_w.l(_printf_f.o)
    0x08000202   0x08000202   0x00000004   Code   RO         4769    .ARM.Collect$$_printf_percent$$00000017  c_w.l(_printf_percent_end.o)
    0x08000206   0x08000206   0x00000002   Code   RO         4885    .ARM.Collect$$libinit$$00000000  c_w.l(libinit.o)
    0x08000208   0x08000208   0x00000004   Code   RO         4886    .ARM.Collect$$libinit$$00000001  c_w.l(libinit2.o)
    0x0800020c   0x0800020c   0x00000000   Code   RO         4889    .ARM.Collect$$libinit$$00000004  c_w.l(libinit2.o)
    0x0800020c   0x0800020c   0x00000000   Code   RO         4892    .ARM.Collect$$libinit$$0000000A  c_w.l(libinit2.o)
    0x0800020c   0x0800020c   0x00000000   Code   RO         4894    .ARM.Collect$$libinit$$0000000C  c_w.l(libinit2.o)
    0x0800020c   0x0800020c   0x00000000   Code   RO         4896    .ARM.Collect$$libinit$$0000000E  c_w.l(libinit2.o)
    0x0800020c   0x0800020c   0x00000006   Code   RO         4897    .ARM.Collect$$libinit$$0000000F  c_w.l(libinit2.o)
    0x08000212   0x08000212   0x00000000   Code   RO         4899    .ARM.Collect$$libinit$$00000011  c_w.l(libinit2.o)
    0x08000212   0x08000212   0x00000000   Code   RO         4901    .ARM.Collect$$libinit$$00000013  c_w.l(libinit2.o)
    0x08000212   0x08000212   0x00000000   Code   RO         4903    .ARM.Collect$$libinit$$00000015  c_w.l(libinit2.o)
    0x08000212   0x08000212   0x0000000a   Code   RO         4904    .ARM.Collect$$libinit$$00000016  c_w.l(libinit2.o)
    0x0800021c   0x0800021c   0x00000000   Code   RO         4905    .ARM.Collect$$libinit$$00000017  c_w.l(libinit2.o)
    0x0800021c   0x0800021c   0x00000000   Code   RO         4907    .ARM.Collect$$libinit$$00000019  c_w.l(libinit2.o)
    0x0800021c   0x0800021c   0x00000000   Code   RO         4909    .ARM.Collect$$libinit$$0000001B  c_w.l(libinit2.o)
    0x0800021c   0x0800021c   0x00000000   Code   RO         4911    .ARM.Collect$$libinit$$0000001D  c_w.l(libinit2.o)
    0x0800021c   0x0800021c   0x00000000   Code   RO         4913    .ARM.Collect$$libinit$$0000001F  c_w.l(libinit2.o)
    0x0800021c   0x0800021c   0x00000000   Code   RO         4915    .ARM.Collect$$libinit$$00000021  c_w.l(libinit2.o)
    0x0800021c   0x0800021c   0x00000000   Code   RO         4917    .ARM.Collect$$libinit$$00000023  c_w.l(libinit2.o)
    0x0800021c   0x0800021c   0x00000000   Code   RO         4919    .ARM.Collect$$libinit$$00000025  c_w.l(libinit2.o)
    0x0800021c   0x0800021c   0x00000000   Code   RO         4923    .ARM.Collect$$libinit$$0000002C  c_w.l(libinit2.o)
    0x0800021c   0x0800021c   0x00000000   Code   RO         4925    .ARM.Collect$$libinit$$0000002E  c_w.l(libinit2.o)
    0x0800021c   0x0800021c   0x00000000   Code   RO         4927    .ARM.Collect$$libinit$$00000030  c_w.l(libinit2.o)
    0x0800021c   0x0800021c   0x00000000   Code   RO         4929    .ARM.Collect$$libinit$$00000032  c_w.l(libinit2.o)
    0x0800021c   0x0800021c   0x00000002   Code   RO         4930    .ARM.Collect$$libinit$$00000033  c_w.l(libinit2.o)
    0x0800021e   0x0800021e   0x00000002   Code   RO         4977    .ARM.Collect$$libshutdown$$00000000  c_w.l(libshutdown.o)
    0x08000220   0x08000220   0x00000000   Code   RO         4995    .ARM.Collect$$libshutdown$$00000002  c_w.l(libshutdown2.o)
    0x08000220   0x08000220   0x00000000   Code   RO         4997    .ARM.Collect$$libshutdown$$00000004  c_w.l(libshutdown2.o)
    0x08000220   0x08000220   0x00000000   Code   RO         5000    .ARM.Collect$$libshutdown$$00000007  c_w.l(libshutdown2.o)
    0x08000220   0x08000220   0x00000000   Code   RO         5003    .ARM.Collect$$libshutdown$$0000000A  c_w.l(libshutdown2.o)
    0x08000220   0x08000220   0x00000000   Code   RO         5005    .ARM.Collect$$libshutdown$$0000000C  c_w.l(libshutdown2.o)
    0x08000220   0x08000220   0x00000000   Code   RO         5008    .ARM.Collect$$libshutdown$$0000000F  c_w.l(libshutdown2.o)
    0x08000220   0x08000220   0x00000002   Code   RO         5009    .ARM.Collect$$libshutdown$$00000010  c_w.l(libshutdown2.o)
    0x08000222   0x08000222   0x00000000   Code   RO         4756    .ARM.Collect$$rtentry$$00000000  c_w.l(__rtentry.o)
    0x08000222   0x08000222   0x00000000   Code   RO         4801    .ARM.Collect$$rtentry$$00000002  c_w.l(__rtentry2.o)
    0x08000222   0x08000222   0x00000006   Code   RO         4813    .ARM.Collect$$rtentry$$00000004  c_w.l(__rtentry4.o)
    0x08000228   0x08000228   0x00000000   Code   RO         4803    .ARM.Collect$$rtentry$$00000009  c_w.l(__rtentry2.o)
    0x08000228   0x08000228   0x00000004   Code   RO         4804    .ARM.Collect$$rtentry$$0000000A  c_w.l(__rtentry2.o)
    0x0800022c   0x0800022c   0x00000000   Code   RO         4806    .ARM.Collect$$rtentry$$0000000C  c_w.l(__rtentry2.o)
    0x0800022c   0x0800022c   0x00000008   Code   RO         4807    .ARM.Collect$$rtentry$$0000000D  c_w.l(__rtentry2.o)
    0x08000234   0x08000234   0x00000002   Code   RO         4931    .ARM.Collect$$rtexit$$00000000  c_w.l(rtexit.o)
    0x08000236   0x08000236   0x00000000   Code   RO         4946    .ARM.Collect$$rtexit$$00000002  c_w.l(rtexit2.o)
    0x08000236   0x08000236   0x00000004   Code   RO         4947    .ARM.Collect$$rtexit$$00000003  c_w.l(rtexit2.o)
    0x0800023a   0x0800023a   0x00000006   Code   RO         4948    .ARM.Collect$$rtexit$$00000004  c_w.l(rtexit2.o)
    0x08000240   0x08000240   0x000000ba   Code   RO         4090    .emb_text           port.o
    0x080002fa   0x080002fa   0x00000002   PAD
    0x080002fc   0x080002fc   0x00000040   Code   RO         3238    .text               startup_stm32f407xx.o
    0x0800033c   0x0800033c   0x000000ee   Code   RO         4674    .text               c_w.l(lludivv7m.o)
    0x0800042a   0x0800042a   0x00000002   PAD
    0x0800042c   0x0800042c   0x00000028   Code   RO         4678    .text               c_w.l(noretval__2sprintf.o)
    0x08000454   0x08000454   0x0000010e   Code   RO         4690    .text               c_w.l(__printf_wp.o)
    0x08000562   0x08000562   0x00000096   Code   RO         4704    .text               c_w.l(strncmp.o)
    0x080005f8   0x080005f8   0x0000008a   Code   RO         4706    .text               c_w.l(rt_memcpy_v6.o)
    0x08000682   0x08000682   0x00000064   Code   RO         4708    .text               c_w.l(rt_memcpy_w.o)
    0x080006e6   0x080006e6   0x00000044   Code   RO         4710    .text               c_w.l(rt_memclr.o)
    0x0800072a   0x0800072a   0x0000004e   Code   RO         4712    .text               c_w.l(rt_memclr_w.o)
    0x08000778   0x08000778   0x00000006   Code   RO         4714    .text               c_w.l(heapauxi.o)
    0x0800077e   0x0800077e   0x00000016   Code   RO         4761    .text               c_w.l(_rserrno.o)
    0x08000794   0x08000794   0x0000041e   Code   RO         4763    .text               c_w.l(_printf_fp_dec.o)
    0x08000bb2   0x08000bb2   0x00000002   PAD
    0x08000bb4   0x08000bb4   0x00000030   Code   RO         4765    .text               c_w.l(_printf_char_common.o)
    0x08000be4   0x08000be4   0x0000000a   Code   RO         4767    .text               c_w.l(_sputc.o)
    0x08000bee   0x08000bee   0x00000002   PAD
    0x08000bf0   0x08000bf0   0x00000008   Code   RO         4820    .text               c_w.l(rt_locale_intlibspace.o)
    0x08000bf8   0x08000bf8   0x00000008   Code   RO         4825    .text               c_w.l(rt_errno_addr_intlibspace.o)
    0x08000c00   0x08000c00   0x0000008a   Code   RO         4827    .text               c_w.l(lludiv10.o)
    0x08000c8a   0x08000c8a   0x00000002   PAD
    0x08000c8c   0x08000c8c   0x00000080   Code   RO         4829    .text               c_w.l(_printf_fp_infnan.o)
    0x08000d0c   0x08000d0c   0x000000e4   Code   RO         4833    .text               c_w.l(bigflt0.o)
    0x08000df0   0x08000df0   0x00000008   Code   RO         4867    .text               c_w.l(libspace.o)
    0x08000df8   0x08000df8   0x0000004a   Code   RO         4870    .text               c_w.l(sys_stackheap_outer.o)
    0x08000e42   0x08000e42   0x00000012   Code   RO         4872    .text               c_w.l(exit.o)
    0x08000e54   0x08000e54   0x00000080   Code   RO         4878    .text               c_w.l(strcmpv7m.o)
    0x08000ed4   0x08000ed4   0x0000000c   Code   RO         4943    .text               c_w.l(sys_exit.o)
    0x08000ee0   0x08000ee0   0x00000002   Code   RO         4964    .text               c_w.l(use_no_semi.o)
    0x08000ee2   0x08000ee2   0x00000000   Code   RO         4966    .text               c_w.l(indicate_semi.o)
    0x08000ee2   0x08000ee2   0x0000003e   Code   RO         4836    CL$$btod_d2e        c_w.l(btod.o)
    0x08000f20   0x08000f20   0x00000046   Code   RO         4838    CL$$btod_d2e_denorm_low  c_w.l(btod.o)
    0x08000f66   0x08000f66   0x00000060   Code   RO         4837    CL$$btod_d2e_norm_op1  c_w.l(btod.o)
    0x08000fc6   0x08000fc6   0x00000338   Code   RO         4846    CL$$btod_div_common  c_w.l(btod.o)
    0x080012fe   0x080012fe   0x000000dc   Code   RO         4843    CL$$btod_e2e        c_w.l(btod.o)
    0x080013da   0x080013da   0x0000002a   Code   RO         4840    CL$$btod_ediv       c_w.l(btod.o)
    0x08001404   0x08001404   0x0000002a   Code   RO         4839    CL$$btod_emul       c_w.l(btod.o)
    0x0800142e   0x0800142e   0x00000244   Code   RO         4845    CL$$btod_mult_common  c_w.l(btod.o)
    0x08001672   0x08001672   0x00000002   PAD
    0x08001674   0x08001674   0x0000012c   Code   RO         2966    i.ADC_Init          stm32f4xx_hal_adc.o
    0x080017a0   0x080017a0   0x00000160   Code   RO         4335    i.Analysis_Diabete_Code  draw_diabetes_task.o
    0x08001900   0x08001900   0x0000000c   Code   RO         4336    i.Analysis_End      draw_diabetes_task.o
    0x0800190c   0x0800190c   0x000000ac   Code   RO         4445    i.Bluetooth_Comm_Task  bluetooth_comm_task.o
    0x080019b8   0x080019b8   0x00000002   Code   RO          257    i.BusFault_Handler  stm32f4xx_it.o
    0x080019ba   0x080019ba   0x00000002   PAD
    0x080019bc   0x080019bc   0x0000002c   Code   RO         4489    i.Con_AllMotor_Move  stepper_con.o
    0x080019e8   0x080019e8   0x000000c0   Code   RO         4490    i.Con_Motor_Move    stepper_con.o
    0x08001aa8   0x08001aa8   0x0000000c   Code   RO          258    i.DMA2_Stream2_IRQHandler  stm32f4xx_it.o
    0x08001ab4   0x08001ab4   0x0000000c   Code   RO          259    i.DMA2_Stream7_IRQHandler  stm32f4xx_it.o
    0x08001ac0   0x08001ac0   0x0000002c   Code   RO         1746    i.DMA_CalcBaseAndBitshift  stm32f4xx_hal_dma.o
    0x08001aec   0x08001aec   0x00000078   Code   RO         1747    i.DMA_CheckFifoParam  stm32f4xx_hal_dma.o
    0x08001b64   0x08001b64   0x0000002a   Code   RO         1748    i.DMA_SetConfig     stm32f4xx_hal_dma.o
    0x08001b8e   0x08001b8e   0x00000002   Code   RO          260    i.DebugMon_Handler  stm32f4xx_it.o
    0x08001b90   0x08001b90   0x00000178   Code   RO         4337    i.Draw_Diabetes_Task  draw_diabetes_task.o
    0x08001d08   0x08001d08   0x00000108   Code   RO         4394    i.Get_NTC_Temp      temp_ctrl_task.o
    0x08001e10   0x08001e10   0x00000158   Code   RO         2968    i.HAL_ADC_ConfigChannel  stm32f4xx_hal_adc.o
    0x08001f68   0x08001f68   0x00000006   Code   RO         2975    i.HAL_ADC_GetValue  stm32f4xx_hal_adc.o
    0x08001f6e   0x08001f6e   0x00000054   Code   RO         2977    i.HAL_ADC_Init      stm32f4xx_hal_adc.o
    0x08001fc2   0x08001fc2   0x00000002   PAD
    0x08001fc4   0x08001fc4   0x00000044   Code   RO          651    i.HAL_ADC_MspInit   adc.o
    0x08002008   0x08002008   0x000000a2   Code   RO         2981    i.HAL_ADC_PollForConversion  stm32f4xx_hal_adc.o
    0x080020aa   0x080020aa   0x00000002   PAD
    0x080020ac   0x080020ac   0x000000d8   Code   RO         2983    i.HAL_ADC_Start     stm32f4xx_hal_adc.o
    0x08002184   0x08002184   0x0000008e   Code   RO         1749    i.HAL_DMA_Abort     stm32f4xx_hal_dma.o
    0x08002212   0x08002212   0x00000024   Code   RO         1750    i.HAL_DMA_Abort_IT  stm32f4xx_hal_dma.o
    0x08002236   0x08002236   0x00000002   PAD
    0x08002238   0x08002238   0x000001d0   Code   RO         1754    i.HAL_DMA_IRQHandler  stm32f4xx_hal_dma.o
    0x08002408   0x08002408   0x000000d4   Code   RO         1755    i.HAL_DMA_Init      stm32f4xx_hal_dma.o
    0x080024dc   0x080024dc   0x00000078   Code   RO         1759    i.HAL_DMA_Start_IT  stm32f4xx_hal_dma.o
    0x08002554   0x08002554   0x0000001c   Code   RO         2250    i.HAL_Delay         stm32f4xx_hal.o
    0x08002570   0x08002570   0x000001c4   Code   RO         2180    i.HAL_GPIO_Init     stm32f4xx_hal_gpio.o
    0x08002734   0x08002734   0x0000000e   Code   RO         2182    i.HAL_GPIO_ReadPin  stm32f4xx_hal_gpio.o
    0x08002742   0x08002742   0x0000000e   Code   RO         2184    i.HAL_GPIO_WritePin  stm32f4xx_hal_gpio.o
    0x08002750   0x08002750   0x0000000c   Code   RO         2256    i.HAL_GetTick       stm32f4xx_hal.o
    0x0800275c   0x0800275c   0x00000010   Code   RO         2258    i.HAL_IncTick       stm32f4xx_hal.o
    0x0800276c   0x0800276c   0x00000034   Code   RO         2259    i.HAL_Init          stm32f4xx_hal.o
    0x080027a0   0x080027a0   0x00000074   Code   RO          544    i.HAL_InitTick      stm32f4xx_hal_timebase_tim.o
    0x08002814   0x08002814   0x00000058   Code   RO          363    i.HAL_MspInit       stm32f4xx_hal_msp.o
    0x0800286c   0x0800286c   0x00000016   Code   RO         2401    i.HAL_NVIC_EnableIRQ  stm32f4xx_hal_cortex.o
    0x08002882   0x08002882   0x00000002   PAD
    0x08002884   0x08002884   0x00000040   Code   RO         2407    i.HAL_NVIC_SetPriority  stm32f4xx_hal_cortex.o
    0x080028c4   0x080028c4   0x00000024   Code   RO         2408    i.HAL_NVIC_SetPriorityGrouping  stm32f4xx_hal_cortex.o
    0x080028e8   0x080028e8   0x00000144   Code   RO         1853    i.HAL_RCC_ClockConfig  stm32f4xx_hal_rcc.o
    0x08002a2c   0x08002a2c   0x0000003c   Code   RO         1857    i.HAL_RCC_GetClockConfig  stm32f4xx_hal_rcc.o
    0x08002a68   0x08002a68   0x0000000c   Code   RO         1858    i.HAL_RCC_GetHCLKFreq  stm32f4xx_hal_rcc.o
    0x08002a74   0x08002a74   0x00000020   Code   RO         1860    i.HAL_RCC_GetPCLK1Freq  stm32f4xx_hal_rcc.o
    0x08002a94   0x08002a94   0x00000020   Code   RO         1861    i.HAL_RCC_GetPCLK2Freq  stm32f4xx_hal_rcc.o
    0x08002ab4   0x08002ab4   0x00000068   Code   RO         1862    i.HAL_RCC_GetSysClockFreq  stm32f4xx_hal_rcc.o
    0x08002b1c   0x08002b1c   0x0000035c   Code   RO         1865    i.HAL_RCC_OscConfig  stm32f4xx_hal_rcc.o
    0x08002e78   0x08002e78   0x0000001c   Code   RO         2410    i.HAL_SYSTICK_CLKSourceConfig  stm32f4xx_hal_cortex.o
    0x08002e94   0x08002e94   0x00000028   Code   RO         2412    i.HAL_SYSTICK_Config  stm32f4xx_hal_cortex.o
    0x08002ebc   0x08002ebc   0x00000002   Code   RO         1333    i.HAL_TIMEx_BreakCallback  stm32f4xx_hal_tim_ex.o
    0x08002ebe   0x08002ebe   0x00000002   Code   RO         1334    i.HAL_TIMEx_CommutationCallback  stm32f4xx_hal_tim_ex.o
    0x08002ec0   0x08002ec0   0x0000005a   Code   RO         1335    i.HAL_TIMEx_ConfigBreakDeadTime  stm32f4xx_hal_tim_ex.o
    0x08002f1a   0x08002f1a   0x00000050   Code   RO         1350    i.HAL_TIMEx_MasterConfigSynchronization  stm32f4xx_hal_tim_ex.o
    0x08002f6a   0x08002f6a   0x00000038   Code   RO          694    i.HAL_TIM_Base_Init  stm32f4xx_hal_tim.o
    0x08002fa2   0x08002fa2   0x00000002   PAD
    0x08002fa4   0x08002fa4   0x000000b0   Code   RO          479    i.HAL_TIM_Base_MspInit  tim.o
    0x08003054   0x08003054   0x00000018   Code   RO          699    i.HAL_TIM_Base_Start_IT  stm32f4xx_hal_tim.o
    0x0800306c   0x0800306c   0x0000010e   Code   RO          703    i.HAL_TIM_ConfigClockSource  stm32f4xx_hal_tim.o
    0x0800317a   0x0800317a   0x00000002   Code   RO          723    i.HAL_TIM_IC_CaptureCallback  stm32f4xx_hal_tim.o
    0x0800317c   0x0800317c   0x0000016e   Code   RO          736    i.HAL_TIM_IRQHandler  stm32f4xx_hal_tim.o
    0x080032ea   0x080032ea   0x00000002   PAD
    0x080032ec   0x080032ec   0x00000090   Code   RO          480    i.HAL_TIM_MspPostInit  tim.o
    0x0800337c   0x0800337c   0x00000002   Code   RO          739    i.HAL_TIM_OC_DelayElapsedCallback  stm32f4xx_hal_tim.o
    0x0800337e   0x0800337e   0x000000da   Code   RO          760    i.HAL_TIM_PWM_ConfigChannel  stm32f4xx_hal_tim.o
    0x08003458   0x08003458   0x00000038   Code   RO          763    i.HAL_TIM_PWM_Init  stm32f4xx_hal_tim.o
    0x08003490   0x08003490   0x00000002   Code   RO          765    i.HAL_TIM_PWM_MspInit  stm32f4xx_hal_tim.o
    0x08003492   0x08003492   0x00000002   PAD
    0x08003494   0x08003494   0x00000060   Code   RO         4491    i.HAL_TIM_PWM_PulseFinishedCallback  stepper_con.o
    0x080034f4   0x080034f4   0x00000038   Code   RO          767    i.HAL_TIM_PWM_Start  stm32f4xx_hal_tim.o
    0x0800352c   0x0800352c   0x00000074   Code   RO          769    i.HAL_TIM_PWM_Start_IT  stm32f4xx_hal_tim.o
    0x080035a0   0x080035a0   0x0000005c   Code   RO          770    i.HAL_TIM_PWM_Stop  stm32f4xx_hal_tim.o
    0x080035fc   0x080035fc   0x00000090   Code   RO          772    i.HAL_TIM_PWM_Stop_IT  stm32f4xx_hal_tim.o
    0x0800368c   0x0800368c   0x00000014   Code   RO          140    i.HAL_TIM_PeriodElapsedCallback  main.o
    0x080036a0   0x080036a0   0x00000002   Code   RO          777    i.HAL_TIM_TriggerCallback  stm32f4xx_hal_tim.o
    0x080036a2   0x080036a2   0x00000058   Code   RO         2651    i.HAL_UART_DMAStop  stm32f4xx_hal_uart.o
    0x080036fa   0x080036fa   0x00000002   Code   RO         2653    i.HAL_UART_ErrorCallback  stm32f4xx_hal_uart.o
    0x080036fc   0x080036fc   0x00000110   Code   RO         2656    i.HAL_UART_IRQHandler  stm32f4xx_hal_uart.o
    0x0800380c   0x0800380c   0x00000064   Code   RO         2657    i.HAL_UART_Init     stm32f4xx_hal_uart.o
    0x08003870   0x08003870   0x000000e4   Code   RO          585    i.HAL_UART_MspInit  usart.o
    0x08003954   0x08003954   0x0000009c   Code   RO         2661    i.HAL_UART_Receive_DMA  stm32f4xx_hal_uart.o
    0x080039f0   0x080039f0   0x00000002   Code   RO         2663    i.HAL_UART_RxCpltCallback  stm32f4xx_hal_uart.o
    0x080039f2   0x080039f2   0x00000002   Code   RO         2664    i.HAL_UART_RxHalfCpltCallback  stm32f4xx_hal_uart.o
    0x080039f4   0x080039f4   0x0000008c   Code   RO         2666    i.HAL_UART_Transmit_DMA  stm32f4xx_hal_uart.o
    0x08003a80   0x08003a80   0x00000002   Code   RO         2668    i.HAL_UART_TxCpltCallback  stm32f4xx_hal_uart.o
    0x08003a82   0x08003a82   0x00000002   Code   RO         2669    i.HAL_UART_TxHalfCpltCallback  stm32f4xx_hal_uart.o
    0x08003a84   0x08003a84   0x00000002   Code   RO          261    i.HardFault_Handler  stm32f4xx_it.o
    0x08003a86   0x08003a86   0x00000002   PAD
    0x08003a88   0x08003a88   0x00000020   Code   RO         4492    i.Is_All_Init       stepper_con.o
    0x08003aa8   0x08003aa8   0x00000014   Code   RO         4338    i.Is_Analysis_End   draw_diabetes_task.o
    0x08003abc   0x08003abc   0x00000034   Code   RO         4493    i.Judge_Quadrant    stepper_con.o
    0x08003af0   0x08003af0   0x00000070   Code   RO          652    i.MX_ADC1_Init      adc.o
    0x08003b60   0x08003b60   0x0000003c   Code   RO          626    i.MX_DMA_Init       dma.o
    0x08003b9c   0x08003b9c   0x00000068   Code   RO          411    i.MX_FREERTOS_Init  freertos.o
    0x08003c04   0x08003c04   0x00000108   Code   RO          387    i.MX_GPIO_Init      gpio.o
    0x08003d0c   0x08003d0c   0x000000d4   Code   RO          481    i.MX_TIM1_Init      tim.o
    0x08003de0   0x08003de0   0x000000a8   Code   RO          482    i.MX_TIM2_Init      tim.o
    0x08003e88   0x08003e88   0x000000ac   Code   RO          483    i.MX_TIM3_Init      tim.o
    0x08003f34   0x08003f34   0x000000ac   Code   RO          484    i.MX_TIM4_Init      tim.o
    0x08003fe0   0x08003fe0   0x0000004c   Code   RO          586    i.MX_USART1_UART_Init  usart.o
    0x0800402c   0x0800402c   0x00000002   Code   RO          262    i.MemManage_Handler  stm32f4xx_it.o
    0x0800402e   0x0800402e   0x00000002   PAD
    0x08004030   0x08004030   0x00000060   Code   RO         4584    i.MyUsartReceive_IDLE_Handler  bsp_uart.o
    0x08004090   0x08004090   0x000001f4   Code   RO         4494    i.My_PBP_Circle     stepper_con.o
    0x08004284   0x08004284   0x00000130   Code   RO         4495    i.My_PBP_Line       stepper_con.o
    0x080043b4   0x080043b4   0x00000002   Code   RO          263    i.NMI_Handler       stm32f4xx_it.o
    0x080043b6   0x080043b6   0x00000020   Code   RO         2414    i.NVIC_SetPriority  stm32f4xx_hal_cortex.o
    0x080043d6   0x080043d6   0x00000002   PAD
    0x080043d8   0x080043d8   0x00000018   Code   RO         4629    i.PID_struct_init   pid.o
    0x080043f0   0x080043f0   0x0000003c   Code   RO         4496    i.Print_All_Init    stepper_con.o
    0x0800442c   0x0800442c   0x00000258   Code   RO         4446    i.RecivePath_Analysis  bluetooth_comm_task.o
    0x08004684   0x08004684   0x000001ac   Code   RO         4447    i.RecivePath_Handler  bluetooth_comm_task.o
    0x08004830   0x08004830   0x0000000c   Code   RO          412    i.StartDefaultTask  freertos.o
    0x0800483c   0x0800483c   0x00000098   Code   RO         4497    i.Stepper_Init      stepper_con.o
    0x080048d4   0x080048d4   0x00000038   Code   RO         4498    i.Stepper_Stop      stepper_con.o
    0x0800490c   0x0800490c   0x00000004   Code   RO          264    i.SysTick_Handler   stm32f4xx_it.o
    0x08004910   0x08004910   0x0000009c   Code   RO          141    i.SystemClock_Config  main.o
    0x080049ac   0x080049ac   0x00000054   Code   RO            5    i.SystemInit        system_stm32f4xx.o
    0x08004a00   0x08004a00   0x0000000c   Code   RO          265    i.TIM2_IRQHandler   stm32f4xx_it.o
    0x08004a0c   0x08004a0c   0x0000000c   Code   RO          266    i.TIM3_IRQHandler   stm32f4xx_it.o
    0x08004a18   0x08004a18   0x0000000c   Code   RO          267    i.TIM4_IRQHandler   stm32f4xx_it.o
    0x08004a24   0x08004a24   0x0000000c   Code   RO          268    i.TIM6_DAC_IRQHandler  stm32f4xx_it.o
    0x08004a30   0x08004a30   0x000000c4   Code   RO          778    i.TIM_Base_SetConfig  stm32f4xx_hal_tim.o
    0x08004af4   0x08004af4   0x00000016   Code   RO          779    i.TIM_CCxChannelCmd  stm32f4xx_hal_tim.o
    0x08004b0a   0x08004b0a   0x00000014   Code   RO          785    i.TIM_ETR_SetConfig  stm32f4xx_hal_tim.o
    0x08004b1e   0x08004b1e   0x00000010   Code   RO          786    i.TIM_ITRx_SetConfig  stm32f4xx_hal_tim.o
    0x08004b2e   0x08004b2e   0x00000002   PAD
    0x08004b30   0x08004b30   0x00000060   Code   RO          787    i.TIM_OC1_SetConfig  stm32f4xx_hal_tim.o
    0x08004b90   0x08004b90   0x0000006c   Code   RO          788    i.TIM_OC2_SetConfig  stm32f4xx_hal_tim.o
    0x08004bfc   0x08004bfc   0x00000068   Code   RO          789    i.TIM_OC3_SetConfig  stm32f4xx_hal_tim.o
    0x08004c64   0x08004c64   0x00000054   Code   RO          790    i.TIM_OC4_SetConfig  stm32f4xx_hal_tim.o
    0x08004cb8   0x08004cb8   0x00000022   Code   RO          792    i.TIM_TI1_ConfigInputStage  stm32f4xx_hal_tim.o
    0x08004cda   0x08004cda   0x00000024   Code   RO          794    i.TIM_TI2_ConfigInputStage  stm32f4xx_hal_tim.o
    0x08004cfe   0x08004cfe   0x00000002   PAD
    0x08004d00   0x08004d00   0x000000e0   Code   RO         4395    i.Temp_Ctrl_Task    temp_ctrl_task.o
    0x08004de0   0x08004de0   0x00000010   Code   RO         2670    i.UART_DMAAbortOnError  stm32f4xx_hal_uart.o
    0x08004df0   0x08004df0   0x0000004a   Code   RO         2671    i.UART_DMAError     stm32f4xx_hal_uart.o
    0x08004e3a   0x08004e3a   0x0000003c   Code   RO         2672    i.UART_DMAReceiveCplt  stm32f4xx_hal_uart.o
    0x08004e76   0x08004e76   0x0000000a   Code   RO         2674    i.UART_DMARxHalfCplt  stm32f4xx_hal_uart.o
    0x08004e80   0x08004e80   0x0000002e   Code   RO         2676    i.UART_DMATransmitCplt  stm32f4xx_hal_uart.o
    0x08004eae   0x08004eae   0x0000000a   Code   RO         2678    i.UART_DMATxHalfCplt  stm32f4xx_hal_uart.o
    0x08004eb8   0x08004eb8   0x0000001c   Code   RO         2680    i.UART_EndRxTransfer  stm32f4xx_hal_uart.o
    0x08004ed4   0x08004ed4   0x0000001a   Code   RO         2681    i.UART_EndTransmit_IT  stm32f4xx_hal_uart.o
    0x08004eee   0x08004eee   0x00000012   Code   RO         2682    i.UART_EndTxTransfer  stm32f4xx_hal_uart.o
    0x08004f00   0x08004f00   0x00000092   Code   RO         2683    i.UART_Receive_IT   stm32f4xx_hal_uart.o
    0x08004f92   0x08004f92   0x00000002   PAD
    0x08004f94   0x08004f94   0x00000314   Code   RO         2684    i.UART_SetConfig    stm32f4xx_hal_uart.o
    0x080052a8   0x080052a8   0x00000066   Code   RO         2685    i.UART_Transmit_IT  stm32f4xx_hal_uart.o
    0x0800530e   0x0800530e   0x00000002   PAD
    0x08005310   0x08005310   0x00000018   Code   RO          269    i.USART1_IRQHandler  stm32f4xx_it.o
    0x08005328   0x08005328   0x0000008c   Code   RO         4339    i.Uart_Callback_BLT_Handle  draw_diabetes_task.o
    0x080053b4   0x080053b4   0x00000002   Code   RO          270    i.UsageFault_Handler  stm32f4xx_it.o
    0x080053b6   0x080053b6   0x00000002   PAD
    0x080053b8   0x080053b8   0x00000018   Code   RO         4499    i.Zero_All_Init     stepper_con.o
    0x080053d0   0x080053d0   0x00000084   Code   RO         4500    i.Zero_Motor_Init   stepper_con.o
    0x08005454   0x08005454   0x00000002   Code   RO          142    i._Error_Handler    main.o
    0x08005456   0x08005456   0x00000030   Code   RO         4865    i.__ARM_fpclassify  m_wm.l(fpclassify.o)
    0x08005486   0x08005486   0x00000002   PAD
    0x08005488   0x08005488   0x000003c4   Code   RO         4742    i.__hardfp_log      m_wm.l(log.o)
    0x0800584c   0x0800584c   0x000000f8   Code   RO         4797    i.__kernel_poly     m_wm.l(poly.o)
    0x08005944   0x08005944   0x00000004   PAD
    0x08005948   0x08005948   0x00000030   Code   RO         4783    i.__mathlib_dbl_divzero  m_wm.l(dunder.o)
    0x08005978   0x08005978   0x00000014   Code   RO         4784    i.__mathlib_dbl_infnan  m_wm.l(dunder.o)
    0x0800598c   0x0800598c   0x00000004   PAD
    0x08005990   0x08005990   0x00000020   Code   RO         4786    i.__mathlib_dbl_invalid  m_wm.l(dunder.o)
    0x080059b0   0x080059b0   0x0000000e   Code   RO         4692    i._is_digit         c_w.l(__printf_wp.o)
    0x080059be   0x080059be   0x0000002a   Code   RO         4630    i.abs_limit         pid.o
    0x080059e8   0x080059e8   0x00000024   Code   RO         4585    i.bluetooth_init    bsp_uart.o
    0x08005a0c   0x08005a0c   0x00000074   Code   RO          143    i.main              main.o
    0x08005a80   0x08005a80   0x0000000c   Code   RO         3437    i.makeFreeRtosPriority  cmsis_os.o
    0x08005a8c   0x08005a8c   0x00000010   Code   RO         3439    i.osDelay           cmsis_os.o
    0x08005a9c   0x08005a9c   0x0000000a   Code   RO         3442    i.osKernelStart     cmsis_os.o
    0x08005aa6   0x08005aa6   0x00000014   Code   RO         3475    i.osSystickHandler  cmsis_os.o
    0x08005aba   0x08005aba   0x0000002e   Code   RO         3476    i.osThreadCreate    cmsis_os.o
    0x08005ae8   0x08005ae8   0x000001d8   Code   RO         4631    i.pid_calc          pid.o
    0x08005cc0   0x08005cc0   0x00000014   Code   RO         4632    i.pid_param_init    pid.o
    0x08005cd4   0x08005cd4   0x0000000e   Code   RO         4633    i.pid_reset         pid.o
    0x08005ce2   0x08005ce2   0x00000002   PAD
    0x08005ce4   0x08005ce4   0x00000070   Code   RO         3811    i.prvAddCurrentTaskToDelayedList  tasks.o
    0x08005d54   0x08005d54   0x000000d0   Code   RO         3812    i.prvAddNewTaskToReadyList  tasks.o
    0x08005e24   0x08005e24   0x00000054   Code   RO         3813    i.prvCheckTasksWaitingTermination  tasks.o
    0x08005e78   0x08005e78   0x00000014   Code   RO         3814    i.prvDeleteTCB      tasks.o
    0x08005e8c   0x08005e8c   0x0000004c   Code   RO         4167    i.prvHeapInit       heap_4.o
    0x08005ed8   0x08005ed8   0x00000028   Code   RO         3815    i.prvIdleTask       tasks.o
    0x08005f00   0x08005f00   0x0000008e   Code   RO         3816    i.prvInitialiseNewTask  tasks.o
    0x08005f8e   0x08005f8e   0x00000002   PAD
    0x08005f90   0x08005f90   0x00000054   Code   RO         4168    i.prvInsertBlockIntoFreeList  heap_4.o
    0x08005fe4   0x08005fe4   0x00000020   Code   RO         3817    i.prvResetNextTaskUnblockTime  tasks.o
    0x08006004   0x08006004   0x0000002c   Code   RO         4091    i.prvTaskExitError  port.o
    0x08006030   0x08006030   0x000000d4   Code   RO         4169    i.pvPortMalloc      heap_4.o
    0x08006104   0x08006104   0x00000024   Code   RO         4092    i.pxPortInitialiseStack  port.o
    0x08006128   0x08006128   0x00000024   Code   RO         4228    i.uxListRemove      list.o
    0x0800614c   0x0800614c   0x00000016   Code   RO         4229    i.vListInitialise   list.o
    0x08006162   0x08006162   0x00000006   Code   RO         4230    i.vListInitialiseItem  list.o
    0x08006168   0x08006168   0x00000030   Code   RO         4231    i.vListInsert       list.o
    0x08006198   0x08006198   0x00000018   Code   RO         4232    i.vListInsertEnd    list.o
    0x080061b0   0x080061b0   0x00000040   Code   RO         4094    i.vPortEnterCritical  port.o
    0x080061f0   0x080061f0   0x0000002c   Code   RO         4095    i.vPortExitCritical  port.o
    0x0800621c   0x0800621c   0x0000005c   Code   RO         4170    i.vPortFree         heap_4.o
    0x08006278   0x08006278   0x00000020   Code   RO         4096    i.vPortSetupTimerInterrupt  port.o
    0x08006298   0x08006298   0x0000004c   Code   RO         3825    i.vTaskDelay        tasks.o
    0x080062e4   0x080062e4   0x00000068   Code   RO         3836    i.vTaskStartScheduler  tasks.o
    0x0800634c   0x0800634c   0x00000010   Code   RO         3838    i.vTaskSuspendAll   tasks.o
    0x0800635c   0x0800635c   0x0000005c   Code   RO         3839    i.vTaskSwitchContext  tasks.o
    0x080063b8   0x080063b8   0x000000e0   Code   RO         4098    i.xPortStartScheduler  port.o
    0x08006498   0x08006498   0x0000002c   Code   RO         4099    i.xPortSysTickHandler  port.o
    0x080064c4   0x080064c4   0x00000056   Code   RO         3841    i.xTaskCreate       tasks.o
    0x0800651a   0x0800651a   0x00000002   PAD
    0x0800651c   0x0800651c   0x0000001c   Code   RO         3845    i.xTaskGetSchedulerState  tasks.o
    0x08006538   0x08006538   0x000000c8   Code   RO         3848    i.xTaskIncrementTick  tasks.o
    0x08006600   0x08006600   0x000000c4   Code   RO         3854    i.xTaskResumeAll    tasks.o
    0x080066c4   0x080066c4   0x0000002c   Code   RO         4859    locale$$code        c_w.l(lc_numeric_c.o)
    0x080066f0   0x080066f0   0x00000018   Code   RO         4770    x$fpl$basic         fz_wm.l(basic.o)
    0x08006708   0x08006708   0x00000062   Code   RO         4718    x$fpl$d2f           fz_wm.l(d2f.o)
    0x0800676a   0x0800676a   0x00000002   PAD
    0x0800676c   0x0800676c   0x00000150   Code   RO         4720    x$fpl$dadd          fz_wm.l(daddsub_clz.o)
    0x080068bc   0x080068bc   0x00000018   Code   RO         4861    x$fpl$dcmpinf       fz_wm.l(dcmpi.o)
    0x080068d4   0x080068d4   0x000002b0   Code   RO         4727    x$fpl$ddiv          fz_wm.l(ddiv.o)
    0x08006b84   0x08006b84   0x00000078   Code   RO         4772    x$fpl$deqf          fz_wm.l(deqf.o)
    0x08006bfc   0x08006bfc   0x0000002e   Code   RO         4731    x$fpl$dflt          fz_wm.l(dflt_clz.o)
    0x08006c2a   0x08006c2a   0x00000002   PAD
    0x08006c2c   0x08006c2c   0x00000154   Code   RO         4736    x$fpl$dmul          fz_wm.l(dmul.o)
    0x08006d80   0x08006d80   0x0000009c   Code   RO         4774    x$fpl$dnaninf       fz_wm.l(dnaninf.o)
    0x08006e1c   0x08006e1c   0x0000000c   Code   RO         4776    x$fpl$dretinf       fz_wm.l(dretinf.o)
    0x08006e28   0x08006e28   0x00000016   Code   RO         4721    x$fpl$drsb          fz_wm.l(daddsub_clz.o)
    0x08006e3e   0x08006e3e   0x00000002   PAD
    0x08006e40   0x08006e40   0x000001d4   Code   RO         4722    x$fpl$dsub          fz_wm.l(daddsub_clz.o)
    0x08007014   0x08007014   0x00000056   Code   RO         4738    x$fpl$f2d           fz_wm.l(f2d.o)
    0x0800706a   0x0800706a   0x0000008c   Code   RO         4778    x$fpl$fnaninf       fz_wm.l(fnaninf.o)
    0x080070f6   0x080070f6   0x0000000a   Code   RO         4941    x$fpl$fpinit        fz_wm.l(fpinit.o)
    0x08007100   0x08007100   0x0000000a   Code   RO         4780    x$fpl$fretinf       fz_wm.l(fretinf.o)
    0x0800710a   0x0800710a   0x00000004   Code   RO         4740    x$fpl$printf1       fz_wm.l(printf1.o)
    0x0800710e   0x0800710e   0x00000000   Code   RO         4782    x$fpl$usenofp       fz_wm.l(usenofp.o)
    0x0800710e   0x0800710e   0x00000010   Data   RO            6    .constdata          system_stm32f4xx.o
    0x0800711e   0x0800711e   0x00000008   Data   RO            7    .constdata          system_stm32f4xx.o
    0x08007126   0x08007126   0x00000002   PAD
    0x08007128   0x08007128   0x00000050   Data   RO          413    .constdata          freertos.o
    0x08007178   0x08007178   0x00000008   Data   RO         1761    .constdata          stm32f4xx_hal_dma.o
    0x08007180   0x08007180   0x00000108   Data   RO         4341    .constdata          draw_diabetes_task.o
    0x08007288   0x08007288   0x00000038   Data   RO         4745    .constdata          m_wm.l(log.o)
    0x080072c0   0x080072c0   0x00000008   Data   RO         4799    .constdata          m_wm.l(qnan.o)
    0x080072c8   0x080072c8   0x00000094   Data   RO         4834    .constdata          c_w.l(bigflt0.o)
    0x0800735c   0x0800735c   0x00000044   Data   RO          414    .conststring        freertos.o
    0x080073a0   0x080073a0   0x00000020   Data   RO         5010    Region$$Table       anon$$obj.o
    0x080073c0   0x080073c0   0x0000001c   Data   RO         4858    locale$$data        c_w.l(lc_numeric_c.o)


    Execution Region RW_IRAM1 (Exec base: 0x20000000, Load base: 0x080073dc, Size: 0x00004ac0, Max: 0x00020000, ABSOLUTE)

    Exec Addr    Load Addr    Size         Type   Attr      Idx    E Section Name        Object

    0x20000000   0x080073dc   0x00000004   Data   RW            8    .data               system_stm32f4xx.o
    0x20000004   0x080073e0   0x00000002   Data   RW          144    .data               main.o
    0x20000006   0x080073e2   0x00000002   PAD
    0x20000008   0x080073e4   0x00000010   Data   RW          415    .data               freertos.o
    0x20000018   0x080073f4   0x00000004   Data   RW         2265    .data               stm32f4xx_hal.o
    0x2000001c   0x080073f8   0x0000003c   Data   RW         3857    .data               tasks.o
    0x20000058   0x08007434   0x0000000c   Data   RW         4100    .data               port.o
    0x20000064   0x08007440   0x00000018   Data   RW         4175    .data               heap_4.o
    0x2000007c   0x08007458   0x00000018   Data   RW         4342    .data               draw_diabetes_task.o
    0x20000094   0x08007470   0x00000010   Data   RW         4397    .data               temp_ctrl_task.o
    0x200000a4   0x08007480   0x0000000c   Data   RW         4450    .data               bluetooth_comm_task.o
    0x200000b0   0x0800748c   0x00000008   Data   RW         4502    .data               stepper_con.o
    0x200000b8   0x08007494   0x00000004   Data   RW         4588    .data               bsp_uart.o
    0x200000bc        -       0x000000f0   Zero   RW          485    .bss                tim.o
    0x200001ac        -       0x0000003c   Zero   RW          547    .bss                stm32f4xx_hal_timebase_tim.o
    0x200001e8        -       0x00000100   Zero   RW          587    .bss                usart.o
    0x200002e8        -       0x00000048   Zero   RW          653    .bss                adc.o
    0x20000330        -       0x000000f0   Zero   RW         3856    .bss                tasks.o
    0x20000420        -       0x00003c00   Zero   RW         4174    .bss                heap_4.o
    0x20004020        -       0x0000001c   Zero   RW         4340    .bss                draw_diabetes_task.o
    0x2000403c        -       0x00000076   Zero   RW         4396    .bss                temp_ctrl_task.o
    0x200040b2   0x08007498   0x00000002   PAD
    0x200040b4        -       0x0000020a   Zero   RW         4448    .bss                bluetooth_comm_task.o
    0x200042be   0x08007498   0x00000002   PAD
    0x200042c0        -       0x00000104   Zero   RW         4501    .bss                stepper_con.o
    0x200043c4        -       0x00000096   Zero   RW         4587    .bss                bsp_uart.o
    0x2000445a   0x08007498   0x00000002   PAD
    0x2000445c        -       0x00000060   Zero   RW         4868    .bss                c_w.l(libspace.o)
    0x200044bc   0x08007498   0x00000004   PAD
    0x200044c0        -       0x00000200   Zero   RW         3236    HEAP                startup_stm32f407xx.o
    0x200046c0        -       0x00000400   Zero   RW         3235    STACK               startup_stm32f407xx.o


==============================================================================

Image component sizes


      Code (inc. data)   RO Data    RW Data    ZI Data      Debug   Object Name

       180         42          0          0         72       1645   adc.o
      1200         72          0         12        522       4277   bluetooth_comm_task.o
       132         22          0          4        150       1939   bsp_uart.o
       104          0          0          0          0      13182   cmsis_os.o
        60          4          0          0          0        778   dma.o
       900         62        264         24         28       6216   draw_diabetes_task.o
       116          8        148         16          0       2520   freertos.o
       264         20          0          0          0       1047   gpio.o
       464         22          0         24      15360       7535   heap_4.o
       136          0          0          0          0       3630   list.o
       294         34          0          2          0      23725   main.o
       572         12          0          0          0       3809   pid.o
       674         74          0         12          0      11128   port.o
         0          0          0          0          0       9552   queue.o
        64         26        392          0       1536        820   startup_stm32f407xx.o
      1644         90          0          8        260       9095   stepper_con.o
       108         16          0          4          0       3828   stm32f4xx_hal.o
      1112         42          0          0          0       5194   stm32f4xx_hal_adc.o
       222         14          0          0          0      31197   stm32f4xx_hal_cortex.o
      1180         14          8          0          0       7606   stm32f4xx_hal_dma.o
       480         46          0          0          0       3231   stm32f4xx_hal_gpio.o
        88          0          0          0          0        534   stm32f4xx_hal_msp.o
      1424         76          0          0          0       6853   stm32f4xx_hal_rcc.o
      2122        114          0          0          0      18340   stm32f4xx_hal_tim.o
       174          0          0          0          0       3278   stm32f4xx_hal_tim_ex.o
       116         16          0          0         60       1512   stm32f4xx_hal_timebase_tim.o
      2090         40          0          0          0      15757   stm32f4xx_hal_uart.o
       112         42          0          0          0       6607   stm32f4xx_it.o
        84         18         24          4          0     687339   system_stm32f4xx.o
      1436        122          0         60        240      16299   tasks.o
       488        100          0         16        118       2988   temp_ctrl_task.o
      1044        136          0          0        240       4843   tim.o
       304         60          0          0        256       1884   usart.o

    ----------------------------------------------------------------------
     19428       1344        870        188      18848     918188   Object Totals
         0          0         32          0          0          0   (incl. Generated)
        40          0          2          2          6          0   (incl. Padding)

    ----------------------------------------------------------------------

      Code (inc. data)   RO Data    RW Data    ZI Data      Debug   Library Member Name

         8          0          0          0          0         68   __main.o
       284          0          0          0          0        156   __printf_wp.o
         0          0          0          0          0          0   __rtentry.o
        12          0          0          0          0          0   __rtentry2.o
         6          0          0          0          0          0   __rtentry4.o
        52          8          0          0          0          0   __scatter.o
        26          0          0          0          0          0   __scatter_copy.o
        28          0          0          0          0          0   __scatter_zi.o
        48          6          0          0          0         96   _printf_char_common.o
         6          0          0          0          0          0   _printf_f.o
      1054          0          0          0          0        216   _printf_fp_dec.o
       128         16          0          0          0         84   _printf_fp_infnan.o
         0          0          0          0          0          0   _printf_percent.o
         4          0          0          0          0          0   _printf_percent_end.o
        22          0          0          0          0        100   _rserrno.o
        10          0          0          0          0         68   _sputc.o
       228          4        148          0          0         96   bigflt0.o
      1936        128          0          0          0        672   btod.o
        18          0          0          0          0         80   exit.o
         6          0          0          0          0        152   heapauxi.o
         0          0          0          0          0          0   indicate_semi.o
        44         10         28          0          0         76   lc_numeric_c.o
         2          0          0          0          0          0   libinit.o
        22          0          0          0          0          0   libinit2.o
         2          0          0          0          0          0   libshutdown.o
         2          0          0          0          0          0   libshutdown2.o
         8          4          0          0         96         68   libspace.o
       138          0          0          0          0         80   lludiv10.o
       238          0          0          0          0        100   lludivv7m.o
        40          6          0          0          0         84   noretval__2sprintf.o
         8          4          0          0          0         68   rt_errno_addr_intlibspace.o
         8          4          0          0          0         68   rt_locale_intlibspace.o
        68          0          0          0          0         68   rt_memclr.o
        78          0          0          0          0         80   rt_memclr_w.o
       138          0          0          0          0         68   rt_memcpy_v6.o
       100          0          0          0          0         80   rt_memcpy_w.o
         2          0          0          0          0          0   rtexit.o
        10          0          0          0          0          0   rtexit2.o
       128          0          0          0          0         68   strcmpv7m.o
       150          0          0          0          0         80   strncmp.o
        12          4          0          0          0         68   sys_exit.o
        74          0          0          0          0         80   sys_stackheap_outer.o
         2          0          0          0          0         68   use_no_semi.o
        24          0          0          0          0        164   basic.o
        98          4          0          0          0        140   d2f.o
       826         16          0          0          0        492   daddsub_clz.o
        24          0          0          0          0        116   dcmpi.o
       688        140          0          0          0        256   ddiv.o
       120          4          0          0          0        140   deqf.o
        46          0          0          0          0        116   dflt_clz.o
       340         12          0          0          0        152   dmul.o
       156          4          0          0          0        140   dnaninf.o
        12          0          0          0          0        116   dretinf.o
        86          4          0          0          0        132   f2d.o
       140          4          0          0          0        132   fnaninf.o
        10          0          0          0          0        116   fpinit.o
        10          0          0          0          0        116   fretinf.o
         4          0          0          0          0        116   printf1.o
         0          0          0          0          0          0   usenofp.o
       100         28          0          0          0        372   dunder.o
        48          0          0          0          0        124   fpclassify.o
       964         92         56          0          0        316   log.o
       248          0          0          0          0        152   poly.o
         0          0          8          0          0          0   qnan.o

    ----------------------------------------------------------------------
      9122        502        240          0        100       6400   Library Totals
        28          0          0          0          4          0   (incl. Padding)

    ----------------------------------------------------------------------

      Code (inc. data)   RO Data    RW Data    ZI Data      Debug   Library Name

      5150        194        176          0         96       2992   c_w.l
      2584        188          0          0          0       2444   fz_wm.l
      1360        120         64          0          0        964   m_wm.l

    ----------------------------------------------------------------------
      9122        502        240          0        100       6400   Library Totals

    ----------------------------------------------------------------------

==============================================================================


      Code (inc. data)   RO Data    RW Data    ZI Data      Debug   

     28550       1846       1110        188      18948     903224   Grand Totals
     28550       1846       1110        188      18948     903224   ELF Image Totals
     28550       1846       1110        188          0          0   ROM Totals

==============================================================================

    Total RO  Size (Code + RO Data)                29660 (  28.96kB)
    Total RW  Size (RW Data + ZI Data)             19136 (  18.69kB)
    Total ROM Size (Code + RO Data + RW Data)      29848 (  29.15kB)

==============================================================================

